Archive member included to satisfy reference by file (symbol)

/opt/devkitpro/libnx/lib/libnx.a(fs.o)
                              main.o (fsInitialize)
/opt/devkitpro/libnx/lib/libnx.a(hid.o)
                              main.o (hidInitialize)
/opt/devkitpro/libnx/lib/libnx.a(hiddbg.o)
                              main.o (hiddbgInitialize)
/opt/devkitpro/libnx/lib/libnx.a(set.o)
                              main.o (setsysInitialize)
/opt/devkitpro/libnx/lib/libnx.a(sm.o)
                              main.o (smInitialize)
/opt/devkitpro/libnx/lib/libnx.a(alloc.o)
                              /opt/devkitpro/libnx/lib/libnx.a(hid.o) (__libnx_aligned_alloc)
/opt/devkitpro/libnx/lib/libnx.a(diag.o)
                              main.o (diagAbortWithResult)
/opt/devkitpro/libnx/lib/libnx.a(hosversion.o)
                              /opt/devkitpro/libnx/lib/libnx.a(fs.o) (hosversionGet)
/opt/devkitpro/libnx/lib/libnx.a(fs_dev.o)
                              main.o (fsdevMountSdmc)
/opt/devkitpro/libnx/lib/libnx.a(path_buf.o)
                              /opt/devkitpro/libnx/lib/libnx.a(fs_dev.o) (__nx_dev_path_buf)
/opt/devkitpro/libnx/lib/libnx.a(decode_utf8.o)
                              /opt/devkitpro/libnx/lib/libnx.a(fs_dev.o) (decode_utf8)
/opt/devkitpro/libnx/lib/libnx.a(svc.o)
                              main.o (svcSleepThread)
/opt/devkitpro/libnx/lib/libnx.a(readtp.o)
                              /opt/devkitpro/libnx/lib/libnx.a(fs.o) (__aarch64_read_tp)
/opt/devkitpro/libnx/lib/libnx.a(switch_crt0.o)
                              (_start)
/opt/devkitpro/libnx/lib/libnx.a(event.o)
                              /opt/devkitpro/libnx/lib/libnx.a(fs.o) (eventLoadRemote)
/opt/devkitpro/libnx/lib/libnx.a(mutex.o)
                              /opt/devkitpro/libnx/lib/libnx.a(fs.o) (mutexLock)
/opt/devkitpro/libnx/lib/libnx.a(shmem.o)
                              /opt/devkitpro/libnx/lib/libnx.a(hid.o) (shmemLoadRemote)
/opt/devkitpro/libnx/lib/libnx.a(tmem.o)
                              /opt/devkitpro/libnx/lib/libnx.a(hiddbg.o) (tmemCreate)
/opt/devkitpro/libnx/lib/libnx.a(virtmem.o)
                              /opt/devkitpro/libnx/lib/libnx.a(shmem.o) (virtmemLock)
/opt/devkitpro/libnx/lib/libnx.a(wait.o)
                              /opt/devkitpro/libnx/lib/libnx.a(event.o) (waitObjects)
/opt/devkitpro/libnx/lib/libnx.a(sessionmgr.o)
                              /opt/devkitpro/libnx/lib/libnx.a(fs.o) (sessionmgrCreate)
/opt/devkitpro/libnx/lib/libnx.a(applet.o)
                              /opt/devkitpro/libnx/lib/libnx.a(hid.o) (appletGetAppletResourceUserId)
/opt/devkitpro/libnx/lib/libnx.a(time.o)
                              /opt/devkitpro/libnx/lib/libnx.a(fs_dev.o) (timeToPosixTimeWithMyRule)
/opt/devkitpro/libnx/lib/libnx.a(argv.o)
                              /opt/devkitpro/libnx/lib/libnx.a(fs_dev.o) (__system_argc)
/opt/devkitpro/libnx/lib/libnx.a(dynamic.o)
                              /opt/devkitpro/libnx/lib/libnx.a(switch_crt0.o) (__nx_dynamic)
/opt/devkitpro/libnx/lib/libnx.a(env.o)
                              /opt/devkitpro/libnx/lib/libnx.a(fs_dev.o) (envIsNso)
/opt/devkitpro/libnx/lib/libnx.a(init.o)
                              /opt/devkitpro/libnx/lib/libnx.a(switch_crt0.o) (__libnx_init)
/opt/devkitpro/libnx/lib/libnx.a(newlib.o)
                              /opt/devkitpro/libnx/lib/libnx.a(init.o) (__libnx_init_time)
/opt/devkitpro/libnx/lib/libnx.a(nxlink.o)
                              /opt/devkitpro/libnx/lib/libnx.a(argv.o) (nxlinkSetup)
/opt/devkitpro/libnx/lib/libnx.a(exception.o)
                              /opt/devkitpro/libnx/lib/libnx.a(switch_crt0.o) (__libnx_exception_entry)
/opt/devkitpro/libnx/lib/libnx.a(condvar.o)
                              /opt/devkitpro/libnx/lib/libnx.a(sessionmgr.o) (condvarWaitTimeout)
/opt/devkitpro/libnx/lib/libnx.a(random.o)
                              /opt/devkitpro/libnx/lib/libnx.a(virtmem.o) (randomGet64)
/opt/devkitpro/libnx/lib/libnx.a(thread.o)
                              /opt/devkitpro/libnx/lib/libnx.a(init.o) (__libnx_init_thread)
/opt/devkitpro/libnx/lib/libnx.a(apm.o)
                              /opt/devkitpro/libnx/lib/libnx.a(applet.o) (apmInitialize)
/opt/devkitpro/devkitA64/lib/gcc/aarch64-none-elf/16.1.0/../../../../aarch64-none-elf/lib/pic/libg.a(libc_a-strncat.o)
                              /opt/devkitpro/libnx/lib/libnx.a(fs_dev.o) (strncat)
/opt/devkitpro/devkitA64/lib/gcc/aarch64-none-elf/16.1.0/../../../../aarch64-none-elf/lib/pic/libg.a(libc_a-strchr.o)
                              config.o (strchr)
/opt/devkitpro/devkitA64/lib/gcc/aarch64-none-elf/16.1.0/../../../../aarch64-none-elf/lib/pic/libg.a(libc_a-strnlen.o)
                              /opt/devkitpro/libnx/lib/libnx.a(fs_dev.o) (strnlen)
/opt/devkitpro/devkitA64/lib/gcc/aarch64-none-elf/16.1.0/../../../../aarch64-none-elf/lib/pic/libg.a(libc_a-impure.o)
[...]
Memory Configuration

Name             Origin             Length             Attributes
*default*        0x0000000000000000 0xffffffffffffffff

Linker script and memory map

                0x0000000000000000                PROVIDE (__start__ = 0x0)
                0x0000000000000000                . = __start__
                [!provide]                        PROVIDE (__code_start = .)

.text           0x0000000000000000    0x17b10
 *(.crt0)
 .crt0          0x0000000000000000      0x130 /opt/devkitpro/libnx/lib/libnx.a(switch_crt0.o)
                0x0000000000000000                _start
                0x00000000000000e0                __nx_exit
                0x00000000000000f0                __nx_mod0
 *(.text.unlikely .text.*_unlikely .text.unlikely.*)
 *(.text.exit .text.exit.*)
 *fill*         0x0000000000000130       0x10 
 .text.exit     0x0000000000000140       0x34 /opt/devkitpro/devkitA64/lib/gcc/aarch64-none-elf/16.1.0/../../../../aarch64-none-elf/lib/pic/libg.a(libc_a-exit.o)
                0x0000000000000140                exit
 *(.text.startup .text.startup.*)
 *fill*         0x0000000000000174        0xc 
 .text.startup.main
                0x0000000000000180      0x200 main.o
                0x0000000000000180                main
 *(.text.hot .text.hot.*)
 *(.text .stub .text.* .gnu.linkonce.t.*)
 .text.__do_global_dtors_aux
                0x0000000000000380       0x50 /opt/devkitpro/devkitA64/lib/gcc/aarch64-none-elf/16.1.0/pic/crtbegin.o
 *fill*         0x00000000000003d0       0x10 
 .text.frame_dummy
                0x00000000000003e0       0x24 /opt/devkitpro/devkitA64/lib/gcc/aarch64-none-elf/16.1.0/pic/crtbegin.o
 *fill*         0x0000000000000404        0xc 
 .text.phantom_config_load
                0x0000000000000410      0x164 config.o
                0x0000000000000410                phantom_config_load
 *fill*         0x0000000000000574        0xc 
 .text.phantom_config_save
                0x0000000000000580       0xb8 config.o
                0x0000000000000580                phantom_config_save
 *fill*         0x0000000000000638        0x8 
 .text.__libnx_initheap
                0x0000000000000640       0x2c main.o
                0x0000000000000640                __libnx_initheap
 *fill*         0x000000000000066c        0x4 
 .text.__appInit
                0x0000000000000670       0x8c main.o
                0x0000000000000670                __appInit
 *fill*         0x00000000000006fc        0x4 
 .text.__appExit
                0x0000000000000700       0x1c main.o
                0x0000000000000700                __appExit
 *fill*         0x000000000000071c        0x4 
 .text.phantom_suppress_apply
                0x0000000000000720       0x5c suppress.o
                0x0000000000000720                phantom_suppress_apply
 *fill*         0x000000000000077c        0x4 
 .text._fsCleanup
                0x0000000000000780       0xb4 /opt/devkitpro/libnx/lib/libnx.a(fs.o)
 *fill*         0x0000000000000834        0xc 
 .text._fsCmdNoIO
                0x0000000000000840      0x1c0 /opt/devkitpro/libnx/lib/libnx.a(fs.o)
 .text._fsFsCmdWithInPath
                0x0000000000000a00      0x1e0 /opt/devkitpro/libnx/lib/libnx.a(fs.o)
 .text._fsFsCmdWithTwoInPaths
                0x0000000000000be0      0x1f8 /opt/devkitpro/libnx/lib/libnx.a(fs.o)
 *fill*         0x0000000000000dd8        0x8 
 .text._fsFsOpenCommon
                0x0000000000000de0      0x28c /opt/devkitpro/libnx/lib/libnx.a(fs.o)
 *fill*         0x000000000000106c        0x4 
 .text._fsFsCmdWithInPathAndOutU64
                0x0000000000001070      0x1fc /opt/devkitpro/libnx/lib/libnx.a(fs.o)
 *fill*         0x000000000000126c        0x4 
 .text._fsObjectClose
                0x0000000000001270       0xf8 /opt/devkitpro/libnx/lib/libnx.a(fs.o)
 *fill*         0x0000000000001368        0x8 
 .text._fsCmdGetSession.constprop.0
                0x0000000000001370      0x17c /opt/devkitpro/libnx/lib/libnx.a(fs.o)
 *fill*         0x00000000000014ec        0x4 
 .text.fsInitialize
                0x00000000000014f0      0x2f8 /opt/devkitpro/libnx/lib/libnx.a(fs.o)
                0x00000000000014f0                fsInitialize
 *fill*         0x00000000000017e8        0x8 
 .text.fsExit   0x00000000000017f0       0x48 /opt/devkitpro/libnx/lib/libnx.a(fs.o)
                0x00000000000017f0                fsExit
 *fill*         0x0000000000001838        0x8 
 .text.fsOpenSdCardFileSystem
                0x0000000000001840        0x8 /opt/devkitpro/libnx/lib/libnx.a(fs.o)
                0x0000000000001840                fsOpenSdCardFileSystem
 *fill*         0x0000000000001848        0x8 
 .text.fsFsCreateFile
                0x0000000000001850      0x1ec /opt/devkitpro/libnx/lib/libnx.a(fs.o)
                0x0000000000001850                fsFsCreateFile
 *fill*         0x0000000000001a3c        0x4 
 .text.fsFsDeleteFile
                0x0000000000001a40        0x8 /opt/devkitpro/libnx/lib/libnx.a(fs.o)
                0x0000000000001a40                fsFsDeleteFile
 *fill*         0x0000000000001a48        0x8 
 .text.fsFsCreateDirectory
                0x0000000000001a50        0x8 /opt/devkitpro/libnx/lib/libnx.a(fs.o)
                0x0000000000001a50                fsFsCreateDirectory
 *fill*         0x0000000000001a58        0x8 
 .text.fsFsDeleteDirectory
                0x0000000000001a60        0x8 /opt/devkitpro/libnx/lib/libnx.a(fs.o)
                0x0000000000001a60                fsFsDeleteDirectory
 *fill*         0x0000000000001a68        0x8 
 .text.fsFsRenameFile
                0x0000000000001a70        0x8 /opt/devkitpro/libnx/lib/libnx.a(fs.o)
                0x0000000000001a70                fsFsRenameFile
 *fill*         0x0000000000001a78        0x8 
 .text.fsFsRenameDirectory
                0x0000000000001a80        0x8 /opt/devkitpro/libnx/lib/libnx.a(fs.o)
                0x0000000000001a80                fsFsRenameDirectory
 *fill*         0x0000000000001a88        0x8 
 .text.fsFsGetEntryType
                0x0000000000001a90      0x1f0 /opt/devkitpro/libnx/lib/libnx.a(fs.o)
                0x0000000000001a90                fsFsGetEntryType
 .text.fsFsOpenFile
                0x0000000000001c80        0x8 /opt/devkitpro/libnx/lib/libnx.a(fs.o)
                0x0000000000001c80                fsFsOpenFile
 *fill*         0x0000000000001c88        0x8 
 .text.fsFsOpenDirectory
                0x0000000000001c90        0x8 /opt/devkitpro/libnx/lib/libnx.a(fs.o)
                0x0000000000001c90                fsFsOpenDirectory
 *fill*         0x0000000000001c98        0x8 
 .text.fsFsGetFreeSpace
                0x0000000000001ca0        0x8 /opt/devkitpro/libnx/lib/libnx.a(fs.o)
                0x0000000000001ca0                fsFsGetFreeSpace
 *fill*         0x0000000000001ca8        0x8 
 .text.fsFsGetTotalSpace
                0x0000000000001cb0        0x8 /opt/devkitpro/libnx/lib/libnx.a(fs.o)
                0x0000000000001cb0                fsFsGetTotalSpace
 *fill*         0x0000000000001cb8        0x8 
 .text.fsFsGetFileTimeStampRaw
                0x0000000000001cc0      0x230 /opt/devkitpro/libnx/lib/libnx.a(fs.o)
                0x0000000000001cc0                fsFsGetFileTimeStampRaw
 .text.fsFsClose
                0x0000000000001ef0        0x4 /opt/devkitpro/libnx/lib/libnx.a(fs.o)
                0x0000000000001ef0                fsFsClose
 *fill*         0x0000000000001ef4        0xc 
 .text.fsFileRead
                0x0000000000001f00      0x214 /opt/devkitpro/libnx/lib/libnx.a(fs.o)
                0x0000000000001f00                fsFileRead
 *fill*         0x0000000000002114        0xc 
 .text.fsFileWrite
                0x0000000000002120      0x1f8 /opt/devkitpro/libnx/lib/libnx.a(fs.o)
                0x0000000000002120                fsFileWrite
 *fill*         0x0000000000002318        0x8 
 .text.fsFileFlush
                0x0000000000002320        0x8 /opt/devkitpro/libnx/lib/libnx.a(fs.o)
                0x0000000000002320                fsFileFlush
 *fill*         0x0000000000002328        0x8 
 .text.fsFileSetSize
                0x0000000000002330      0x1c0 /opt/devkitpro/libnx/lib/libnx.a(fs.o)
                0x0000000000002330                fsFileSetSize
 .text.fsFileGetSize
                0x00000000000024f0      0x1d4 /opt/devkitpro/libnx/lib/libnx.a(fs.o)
                0x00000000000024f0                fsFileGetSize
 *fill*         0x00000000000026c4        0xc 
 .text.fsFileClose
                0x00000000000026d0        0x4 /opt/devkitpro/libnx/lib/libnx.a(fs.o)
                0x00000000000026d0                fsFileClose
 *fill*         0x00000000000026d4        0xc 
 .text.fsDirClose
                0x00000000000026e0        0x4 /opt/devkitpro/libnx/lib/libnx.a(fs.o)
                0x00000000000026e0                fsDirClose
 *fill*         0x00000000000026e4        0xc 
 .text.fsDirRead
                0x00000000000026f0      0x204 /opt/devkitpro/libnx/lib/libnx.a(fs.o)
                0x00000000000026f0                fsDirRead
 *fill*         0x00000000000028f4        0xc 
 .text._hidCleanup
                0x0000000000002900      0x12c /opt/devkitpro/libnx/lib/libnx.a(hid.o)
 *fill*         0x0000000000002a2c        0x4 
 .text._hidCmdInAruidNoOut
                0x0000000000002a30       0xd4 /opt/devkitpro/libnx/lib/libnx.a(hid.o)
 *fill*         0x0000000000002b04        0xc 
 .text._hidCmdInU32AruidNoOut
                0x0000000000002b10       0xe0 /opt/devkitpro/libnx/lib/libnx.a(hid.o)
 .text._hidGetStates
                0x0000000000002bf0      0x194 /opt/devkitpro/libnx/lib/libnx.a(hid.o)
 *fill*         0x0000000000002d84        0xc 
 .text.hidInitialize
                0x0000000000002d90      0x26c /opt/devkitpro/libnx/lib/libnx.a(hid.o)
                0x0000000000002d90                hidInitialize
 *fill*         0x0000000000002ffc        0x4 
 .text.hidExit  0x0000000000003000       0x48 /opt/devkitpro/libnx/lib/libnx.a(hid.o)
                0x0000000000003000                hidExit
 *fill*         0x0000000000003048        0x8 
 .text.hidGetSharedmemAddr
                0x0000000000003050        0xc /opt/devkitpro/libnx/lib/libnx.a(hid.o)
                0x0000000000003050                hidGetSharedmemAddr
 *fill*         0x000000000000305c        0x4 
 .text.hidGetNpadStyleSet
                0x0000000000003060       0x90 /opt/devkitpro/libnx/lib/libnx.a(hid.o)
                0x0000000000003060                hidGetNpadStyleSet
 .text.hidInitializeNpad
                0x00000000000030f0       0x84 /opt/devkitpro/libnx/lib/libnx.a(hid.o)
                0x00000000000030f0                hidInitializeNpad
 *fill*         0x0000000000003174        0xc 
 .text.hidGetNpadStatesHandheld
                0x0000000000003180       0xa4 /opt/devkitpro/libnx/lib/libnx.a(hid.o)
                0x0000000000003180                hidGetNpadStatesHandheld
 *fill*         0x0000000000003224        0xc 
 .text.hidSetSupportedNpadIdType
                0x0000000000003230      0x100 /opt/devkitpro/libnx/lib/libnx.a(hid.o)
                0x0000000000003230                hidSetSupportedNpadIdType
 .text._hiddbgCmdNoIO
                0x0000000000003330       0xbc /opt/devkitpro/libnx/lib/libnx.a(hiddbg.o)
 *fill*         0x00000000000033ec        0x4 
 .text._hiddbgCmdInU64NoOut
                0x00000000000033f0       0xc0 /opt/devkitpro/libnx/lib/libnx.a(hiddbg.o)
 .text._hiddbgCmdInU8NoOut
                0x00000000000034b0       0xc0 /opt/devkitpro/libnx/lib/libnx.a(hiddbg.o)
 .text._hiddbgCleanup
                0x0000000000003570       0x78 /opt/devkitpro/libnx/lib/libnx.a(hiddbg.o)
 *fill*         0x00000000000035e8        0x8 
 .text._hiddbgCmdInHandle64OutU64.constprop.0
                0x00000000000035f0       0xe0 /opt/devkitpro/libnx/lib/libnx.a(hiddbg.o)
 .text._hiddbgCmdInHandle64NoOut.constprop.0
                0x00000000000036d0       0xcc /opt/devkitpro/libnx/lib/libnx.a(hiddbg.o)
 *fill*         0x000000000000379c        0x4 
 .text.hiddbgInitialize
                0x00000000000037a0       0xa0 /opt/devkitpro/libnx/lib/libnx.a(hiddbg.o)
                0x00000000000037a0                hiddbgInitialize
 .text.hiddbgExit
                0x0000000000003840       0x48 /opt/devkitpro/libnx/lib/libnx.a(hiddbg.o)
                0x0000000000003840                hiddbgExit
 *fill*         0x0000000000003888        0x8 
 .text.hiddbgAttachHdlsWorkBuffer
                0x0000000000003890      0x104 /opt/devkitpro/libnx/lib/libnx.a(hiddbg.o)
                0x0000000000003890                hiddbgAttachHdlsWorkBuffer
 *fill*         0x0000000000003994        0xc 
 .text.hiddbgDumpHdlsNpadAssignmentState
                0x00000000000039a0       0x9c /opt/devkitpro/libnx/lib/libnx.a(hiddbg.o)
                0x00000000000039a0                hiddbgDumpHdlsNpadAssignmentState
 *fill*         0x0000000000003a3c        0x4 
 .text.hiddbgApplyHdlsNpadAssignmentState
                0x0000000000003a40      0x174 /opt/devkitpro/libnx/lib/libnx.a(hiddbg.o)
                0x0000000000003a40                hiddbgApplyHdlsNpadAssignmentState
 *fill*         0x0000000000003bb4        0xc 
 .text.hiddbgAttachHdlsVirtualDevice
                0x0000000000003bc0      0x21c /opt/devkitpro/libnx/lib/libnx.a(hiddbg.o)
                0x0000000000003bc0                hiddbgAttachHdlsVirtualDevice
 *fill*         0x0000000000003ddc        0x4 
 .text.hiddbgDetachHdlsVirtualDevice
                0x0000000000003de0       0x60 /opt/devkitpro/libnx/lib/libnx.a(hiddbg.o)
                0x0000000000003de0                hiddbgDetachHdlsVirtualDevice
 .text.hiddbgSetHdlsState
                0x0000000000003e40      0x230 /opt/devkitpro/libnx/lib/libnx.a(hiddbg.o)
                0x0000000000003e40                hiddbgSetHdlsState
 .text._setsysGetFirmwareVersionImpl
                0x0000000000004070       0xd0 /opt/devkitpro/libnx/lib/libnx.a(set.o)
 .text._setsysCleanup
                0x0000000000004140       0x78 /opt/devkitpro/libnx/lib/libnx.a(set.o)
 *fill*         0x00000000000041b8        0x8 
 .text.setsysInitialize
                0x00000000000041c0       0xa0 /opt/devkitpro/libnx/lib/libnx.a(set.o)
                0x00000000000041c0                setsysInitialize
 .text.setsysExit
                0x0000000000004260       0x48 /opt/devkitpro/libnx/lib/libnx.a(set.o)
                0x0000000000004260                setsysExit
 *fill*         0x00000000000042a8        0x8 
 .text.setsysGetFirmwareVersion
                0x00000000000042b0       0x48 /opt/devkitpro/libnx/lib/libnx.a(set.o)
                0x00000000000042b0                setsysGetFirmwareVersion
 *fill*         0x00000000000042f8        0x8 
 .text._smCmifCmdInPid
                0x0000000000004300       0xcc /opt/devkitpro/libnx/lib/libnx.a(sm.o)
 *fill*         0x00000000000043cc        0x4 
 .text._smCleanup
                0x00000000000043d0       0x78 /opt/devkitpro/libnx/lib/libnx.a(sm.o)
 *fill*         0x0000000000004448        0x8 
 .text.smAddOverrideHandle
                0x0000000000004450       0x48 /opt/devkitpro/libnx/lib/libnx.a(sm.o)
                0x0000000000004450                smAddOverrideHandle
 *fill*         0x0000000000004498        0x8 
 .text.smGetServiceOverride
                0x00000000000044a0       0x54 /opt/devkitpro/libnx/lib/libnx.a(sm.o)
                0x00000000000044a0                smGetServiceOverride
 *fill*         0x00000000000044f4        0xc 
 .text.smInitialize
                0x0000000000004500      0x1ac /opt/devkitpro/libnx/lib/libnx.a(sm.o)
                0x0000000000004500                smInitialize
 *fill*         0x00000000000046ac        0x4 
 .text.smExit   0x00000000000046b0       0x48 /opt/devkitpro/libnx/lib/libnx.a(sm.o)
                0x00000000000046b0                smExit
 *fill*         0x00000000000046f8        0x8 
 .text.smGetServiceOriginal
                0x0000000000004700       0xd0 /opt/devkitpro/libnx/lib/libnx.a(sm.o)
                0x0000000000004700                smGetServiceOriginal
 .text.smGetServiceWrapper
                0x00000000000047d0      0x120 /opt/devkitpro/libnx/lib/libnx.a(sm.o)
                0x00000000000047d0                smGetServiceWrapper
 .text.__libnx_alloc
                0x00000000000048f0        0x4 /opt/devkitpro/libnx/lib/libnx.a(alloc.o)
                0x00000000000048f0                __libnx_alloc
 *fill*         0x00000000000048f4        0xc 
 .text.__libnx_free
                0x0000000000004900        0x4 /opt/devkitpro/libnx/lib/libnx.a(alloc.o)
                0x0000000000004900                __libnx_free
 *fill*         0x0000000000004904        0xc 
 .text.diagAbortWithResult
                0x0000000000004910       0x1c /opt/devkitpro/libnx/lib/libnx.a(diag.o)
                0x0000000000004910                diagAbortWithResult
 *fill*         0x000000000000492c        0x4 
 .text.hosversionGet
                0x0000000000004930       0x14 /opt/devkitpro/libnx/lib/libnx.a(hosversion.o)
                0x0000000000004930                hosversionGet
 *fill*         0x0000000000004944        0xc 
 .text.hosversionSet
                0x0000000000004950       0x10 /opt/devkitpro/libnx/lib/libnx.a(hosversion.o)
                0x0000000000004950                hosversionSet
 .text.fsdev_link
                0x0000000000004960       0x10 /opt/devkitpro/libnx/lib/libnx.a(fs_dev.o)
 .text.fsdev_dirreset
                0x0000000000004970       0x10 /opt/devkitpro/libnx/lib/libnx.a(fs_dev.o)
 .text.fsdev_chmod
                0x0000000000004980       0x10 /opt/devkitpro/libnx/lib/libnx.a(fs_dev.o)
 .text.error_cmp
                0x0000000000004990       0x18 /opt/devkitpro/libnx/lib/libnx.a(fs_dev.o)
 *fill*         0x00000000000049a8        0x8 
 .text.fsdev_dirclose
                0x00000000000049b0       0x20 /opt/devkitpro/libnx/lib/libnx.a(fs_dev.o)
 .text.fsdev_close
                0x00000000000049d0       0x1c /opt/devkitpro/libnx/lib/libnx.a(fs_dev.o)
 *fill*         0x00000000000049ec        0x4 
 .text.fsdev_converttimetoutc
                0x00000000000049f0       0x74 /opt/devkitpro/libnx/lib/libnx.a(fs_dev.o)
 *fill*         0x0000000000004a64        0xc 
 .text.fsdevFindDevice.part.0
                0x0000000000004a70       0xf8 /opt/devkitpro/libnx/lib/libnx.a(fs_dev.o)
 *fill*         0x0000000000004b68        0x8 
 .text.fsdev_fixpath
                0x0000000000004b70      0x1cc /opt/devkitpro/libnx/lib/libnx.a(fs_dev.o)
 *fill*         0x0000000000004d3c        0x4 
 .text._fsdevUnmountDeviceStruct.part.0
                0x0000000000004d40       0x9c /opt/devkitpro/libnx/lib/libnx.a(fs_dev.o)
 *fill*         0x0000000000004ddc        0x4 
 .text.fsdev_fchmod
                0x0000000000004de0       0x10 /opt/devkitpro/libnx/lib/libnx.a(fs_dev.o)
 .text.fsdev_diropen
                0x0000000000004df0      0x100 /opt/devkitpro/libnx/lib/libnx.a(fs_dev.o)
 .text.fsdev_statvfs
                0x0000000000004ef0       0xf8 /opt/devkitpro/libnx/lib/libnx.a(fs_dev.o)
 *fill*         0x0000000000004fe8        0x8 
 .text.fsdev_fsync
                0x0000000000004ff0       0x7c /opt/devkitpro/libnx/lib/libnx.a(fs_dev.o)
 *fill*         0x000000000000506c        0x4 
 .text.fsdev_fstat
                0x0000000000005070       0xec /opt/devkitpro/libnx/lib/libnx.a(fs_dev.o)
 *fill*         0x000000000000515c        0x4 
 .text.fsdev_ftruncate
                0x0000000000005160       0x94 /opt/devkitpro/libnx/lib/libnx.a(fs_dev.o)
 *fill*         0x00000000000051f4        0xc 
 .text.fsdev_stat
                0x0000000000005200      0x1d8 /opt/devkitpro/libnx/lib/libnx.a(fs_dev.o)
 *fill*         0x00000000000053d8        0x8 
 .text.fsdev_rename
                0x00000000000053e0      0x14c /opt/devkitpro/libnx/lib/libnx.a(fs_dev.o)
 *fill*         0x000000000000552c        0x4 
 .text.fsdev_chdir
                0x0000000000005530      0x13c /opt/devkitpro/libnx/lib/libnx.a(fs_dev.o)
 *fill*         0x000000000000566c        0x4 
 .text.fsdev_rmdir
                0x0000000000005670       0xa4 /opt/devkitpro/libnx/lib/libnx.a(fs_dev.o)
 *fill*         0x0000000000005714        0xc 
 .text.fsdev_mkdir
                0x0000000000005720       0xa4 /opt/devkitpro/libnx/lib/libnx.a(fs_dev.o)
 *fill*         0x00000000000057c4        0xc 
 .text.fsdev_unlink
                0x00000000000057d0       0xa4 /opt/devkitpro/libnx/lib/libnx.a(fs_dev.o)
 *fill*         0x0000000000005874        0xc 
 .text.fsdev_write_safe
                0x0000000000005880      0x13c /opt/devkitpro/libnx/lib/libnx.a(fs_dev.o)
 *fill*         0x00000000000059bc        0x4 
 .text.fsdev_read_safe
                0x00000000000059c0      0x134 /opt/devkitpro/libnx/lib/libnx.a(fs_dev.o)
 *fill*         0x0000000000005af4        0xc 
 .text.fsdev_read
                0x0000000000005b00      0x100 /opt/devkitpro/libnx/lib/libnx.a(fs_dev.o)
 .text.fsdev_dirnext
                0x0000000000005c00      0x1d4 /opt/devkitpro/libnx/lib/libnx.a(fs_dev.o)
 *fill*         0x0000000000005dd4        0xc 
 .text.fsdev_write
                0x0000000000005de0      0x124 /opt/devkitpro/libnx/lib/libnx.a(fs_dev.o)
 *fill*         0x0000000000005f04        0xc 
 .text.fsdev_seek
                0x0000000000005f10      0x110 /opt/devkitpro/libnx/lib/libnx.a(fs_dev.o)
 .text.fsdev_open
                0x0000000000006020      0x230 /opt/devkitpro/libnx/lib/libnx.a(fs_dev.o)
 .text.fsdevMountDevice
                0x0000000000006250      0x324 /opt/devkitpro/libnx/lib/libnx.a(fs_dev.o)
                0x0000000000006250                fsdevMountDevice
 *fill*         0x0000000000006574        0xc 
 .text.fsdevMountSdmc
                0x0000000000006580       0x40 /opt/devkitpro/libnx/lib/libnx.a(fs_dev.o)
                0x0000000000006580                fsdevMountSdmc
 .text.fsdevUnmountAll
                0x00000000000065c0       0x64 /opt/devkitpro/libnx/lib/libnx.a(fs_dev.o)
                0x00000000000065c0                fsdevUnmountAll
 *fill*         0x0000000000006624        0xc 
 .text.decode_utf8
                0x0000000000006630      0x128 /opt/devkitpro/libnx/lib/libnx.a(decode_utf8.o)
                0x0000000000006630                decode_utf8
 .text.svcSetMemoryPermission
                0x0000000000006758        0x8 /opt/devkitpro/libnx/lib/libnx.a(svc.o)
                0x0000000000006758                svcSetMemoryPermission
 .text.svcSetMemoryAttribute
                0x0000000000006760        0x8 /opt/devkitpro/libnx/lib/libnx.a(svc.o)
                0x0000000000006760                svcSetMemoryAttribute
 .text.svcUnmapMemory
                0x0000000000006768        0x8 /opt/devkitpro/libnx/lib/libnx.a(svc.o)
                0x0000000000006768                svcUnmapMemory
 .text.svcQueryMemory
                0x0000000000006770       0x14 /opt/devkitpro/libnx/lib/libnx.a(svc.o)
                0x0000000000006770                svcQueryMemory
 .text.svcExitProcess
                0x0000000000006784        0x8 /opt/devkitpro/libnx/lib/libnx.a(svc.o)
                0x0000000000006784                svcExitProcess
 .text.svcSleepThread
                0x000000000000678c        0x8 /opt/devkitpro/libnx/lib/libnx.a(svc.o)
                0x000000000000678c                svcSleepThread
 .text.svcMapSharedMemory
                0x0000000000006794        0x8 /opt/devkitpro/libnx/lib/libnx.a(svc.o)
                0x0000000000006794                svcMapSharedMemory
 .text.svcUnmapSharedMemory
                0x000000000000679c        0x8 /opt/devkitpro/libnx/lib/libnx.a(svc.o)
                0x000000000000679c                svcUnmapSharedMemory
 .text.svcCreateTransferMemory
                0x00000000000067a4       0x14 /opt/devkitpro/libnx/lib/libnx.a(svc.o)
                0x00000000000067a4                svcCreateTransferMemory
 .text.svcCloseHandle
                0x00000000000067b8        0x8 /opt/devkitpro/libnx/lib/libnx.a(svc.o)
                0x00000000000067b8                svcCloseHandle
 .text.svcArbitrateLock
                0x00000000000067c0        0x8 /opt/devkitpro/libnx/lib/libnx.a(svc.o)
                0x00000000000067c0                svcArbitrateLock
 .text.svcArbitrateUnlock
                0x00000000000067c8        0x8 /opt/devkitpro/libnx/lib/libnx.a(svc.o)
                0x00000000000067c8                svcArbitrateUnlock
 .text.svcWaitProcessWideKeyAtomic
                0x00000000000067d0        0x8 /opt/devkitpro/libnx/lib/libnx.a(svc.o)
                0x00000000000067d0                svcWaitProcessWideKeyAtomic
 .text.svcSignalProcessWideKey
                0x00000000000067d8        0x8 /opt/devkitpro/libnx/lib/libnx.a(svc.o)
                0x00000000000067d8                svcSignalProcessWideKey
 .text.svcConnectToNamedPort
                0x00000000000067e0       0x14 /opt/devkitpro/libnx/lib/libnx.a(svc.o)
                0x00000000000067e0                svcConnectToNamedPort
 .text.svcSendSyncRequest
                0x00000000000067f4        0x8 /opt/devkitpro/libnx/lib/libnx.a(svc.o)
                0x00000000000067f4                svcSendSyncRequest
 .text.svcBreak
                0x00000000000067fc        0x8 /opt/devkitpro/libnx/lib/libnx.a(svc.o)
                0x00000000000067fc                svcBreak
 .text.svcReturnFromException
                0x0000000000006804        0x8 /opt/devkitpro/libnx/lib/libnx.a(svc.o)
                0x0000000000006804                svcReturnFromException
 .text.svcGetInfo
                0x000000000000680c       0x14 /opt/devkitpro/libnx/lib/libnx.a(svc.o)
                0x000000000000680c                svcGetInfo
 .text.svcUnmapTransferMemory
                0x0000000000006820        0x8 /opt/devkitpro/libnx/lib/libnx.a(svc.o)
                0x0000000000006820                svcUnmapTransferMemory
 .text.__aarch64_read_tp
                0x0000000000006828        0xc /opt/devkitpro/libnx/lib/libnx.a(readtp.o)
                0x0000000000006828                __aarch64_read_tp
 *fill*         0x0000000000006834        0xc 
 .text.mutexLock
                0x0000000000006840       0xc8 /opt/devkitpro/libnx/lib/libnx.a(mutex.o)
                0x0000000000006840                mutexLock
 *fill*         0x0000000000006908        0x8 
 .text.mutexUnlock
                0x0000000000006910       0x68 /opt/devkitpro/libnx/lib/libnx.a(mutex.o)
                0x0000000000006910                mutexUnlock
 *fill*         0x0000000000006978        0x8 
 .text.mutexIsLockedByCurrentThread
                0x0000000000006980       0x1c /opt/devkitpro/libnx/lib/libnx.a(mutex.o)
                0x0000000000006980                mutexIsLockedByCurrentThread
 *fill*         0x000000000000699c        0x4 
 .text.rmutexLock
                0x00000000000069a0       0x50 /opt/devkitpro/libnx/lib/libnx.a(mutex.o)
                0x00000000000069a0                rmutexLock
 .text.rmutexUnlock
                0x00000000000069f0       0x18 /opt/devkitpro/libnx/lib/libnx.a(mutex.o)
                0x00000000000069f0                rmutexUnlock
 *fill*         0x0000000000006a08        0x8 
 .text.shmemLoadRemote
                0x0000000000006a10       0x14 /opt/devkitpro/libnx/lib/libnx.a(shmem.o)
                0x0000000000006a10                shmemLoadRemote
 *fill*         0x0000000000006a24        0xc 
 .text.shmemMap
                0x0000000000006a30       0x70 /opt/devkitpro/libnx/lib/libnx.a(shmem.o)
                0x0000000000006a30                shmemMap
 .text.shmemUnmap
                0x0000000000006aa0       0x34 /opt/devkitpro/libnx/lib/libnx.a(shmem.o)
                0x0000000000006aa0                shmemUnmap
 *fill*         0x0000000000006ad4        0xc 
 .text.shmemClose
                0x0000000000006ae0       0x4c /opt/devkitpro/libnx/lib/libnx.a(shmem.o)
                0x0000000000006ae0                shmemClose
 *fill*         0x0000000000006b2c        0x4 
 .text.tmemCreateFromMemory
                0x0000000000006b30       0x2c /opt/devkitpro/libnx/lib/libnx.a(tmem.o)
                0x0000000000006b30                tmemCreateFromMemory
 *fill*         0x0000000000006b5c        0x4 
 .text.tmemUnmap
                0x0000000000006b60       0x34 /opt/devkitpro/libnx/lib/libnx.a(tmem.o)
                0x0000000000006b60                tmemUnmap
 *fill*         0x0000000000006b94        0xc 
 .text.tmemCloseHandle
                0x0000000000006ba0       0x30 /opt/devkitpro/libnx/lib/libnx.a(tmem.o)
                0x0000000000006ba0                tmemCloseHandle
 .text.tmemClose
                0x0000000000006bd0       0x50 /opt/devkitpro/libnx/lib/libnx.a(tmem.o)
                0x0000000000006bd0                tmemClose
 .text._memregionInitWithInfo
                0x0000000000006c20       0x64 /opt/devkitpro/libnx/lib/libnx.a(virtmem.o)
 *fill*         0x0000000000006c84        0xc 
 .text.__libnx_virtmem_rng
                0x0000000000006c90        0x4 /opt/devkitpro/libnx/lib/libnx.a(virtmem.o)
                0x0000000000006c90                __libnx_virtmem_rng
 *fill*         0x0000000000006c94        0xc 
 .text._memregionFindRandom
                0x0000000000006ca0      0x164 /opt/devkitpro/libnx/lib/libnx.a(virtmem.o)
 *fill*         0x0000000000006e04        0xc 
 .text.virtmemSetup
                0x0000000000006e10      0x140 /opt/devkitpro/libnx/lib/libnx.a(virtmem.o)
                0x0000000000006e10                virtmemSetup
 .text.virtmemLock
                0x0000000000006f50        0xc /opt/devkitpro/libnx/lib/libnx.a(virtmem.o)
                0x0000000000006f50                virtmemLock
 *fill*         0x0000000000006f5c        0x4 
 .text.virtmemUnlock
                0x0000000000006f60        0xc /opt/devkitpro/libnx/lib/libnx.a(virtmem.o)
                0x0000000000006f60                virtmemUnlock
 *fill*         0x0000000000006f6c        0x4 
 .text.virtmemFindAslr
                0x0000000000006f70       0x50 /opt/devkitpro/libnx/lib/libnx.a(virtmem.o)
                0x0000000000006f70                virtmemFindAslr
 .text.sessionmgrCreate
                0x0000000000006fc0      0x184 /opt/devkitpro/libnx/lib/libnx.a(sessionmgr.o)
                0x0000000000006fc0                sessionmgrCreate
 *fill*         0x0000000000007144        0xc 
 .text.sessionmgrClose
                0x0000000000007150       0x84 /opt/devkitpro/libnx/lib/libnx.a(sessionmgr.o)
                0x0000000000007150                sessionmgrClose
 *fill*         0x00000000000071d4        0xc 
 .text.sessionmgrAttachClient
                0x00000000000071e0       0xa8 /opt/devkitpro/libnx/lib/libnx.a(sessionmgr.o)
                0x00000000000071e0                sessionmgrAttachClient
 *fill*         0x0000000000007288        0x8 
 .text.sessionmgrDetachClient
                0x0000000000007290       0x60 /opt/devkitpro/libnx/lib/libnx.a(sessionmgr.o)
                0x0000000000007290                sessionmgrDetachClient
 .text.appletGetAppletResourceUserId
                0x00000000000072f0        0xc /opt/devkitpro/libnx/lib/libnx.a(applet.o)
                0x00000000000072f0                appletGetAppletResourceUserId
 *fill*         0x00000000000072fc        0x4 
 .text.timeToPosixTimeWithMyRule
                0x0000000000007300      0x114 /opt/devkitpro/libnx/lib/libnx.a(time.o)
                0x0000000000007300                timeToPosixTimeWithMyRule
 *fill*         0x0000000000007414        0xc 
 .text.argvSetup
                0x0000000000007420      0x314 /opt/devkitpro/libnx/lib/libnx.a(argv.o)
                0x0000000000007420                argvSetup
 *fill*         0x0000000000007734        0xc 
 .text.__nx_dynamic
                0x0000000000007740      0x1fc /opt/devkitpro/libnx/lib/libnx.a(dynamic.o)
                0x0000000000007740                __nx_dynamic
 *fill*         0x000000000000793c        0x4 
 .text.envSetup
                0x0000000000007940      0x208 /opt/devkitpro/libnx/lib/libnx.a(env.o)
                0x0000000000007940                envSetup
 *fill*         0x0000000000007b48        0x8 
 .text.envGetMainThreadHandle
                0x0000000000007b50       0x20 /opt/devkitpro/libnx/lib/libnx.a(env.o)
                0x0000000000007b50                envGetMainThreadHandle
 .text.envIsNso
                0x0000000000007b70        0xc /opt/devkitpro/libnx/lib/libnx.a(env.o)
                0x0000000000007b70                envIsNso
 *fill*         0x0000000000007b7c        0x4 
 .text.envHasArgv
                0x0000000000007b80       0x14 /opt/devkitpro/libnx/lib/libnx.a(env.o)
                0x0000000000007b80                envHasArgv
 *fill*         0x0000000000007b94        0xc 
 .text.envGetArgv
                0x0000000000007ba0        0xc /opt/devkitpro/libnx/lib/libnx.a(env.o)
                0x0000000000007ba0                envGetArgv
 *fill*         0x0000000000007bac        0x4 
 .text.envGetExitFuncPtr
                0x0000000000007bb0        0xc /opt/devkitpro/libnx/lib/libnx.a(env.o)
                0x0000000000007bb0                envGetExitFuncPtr
 *fill*         0x0000000000007bbc        0x4 
 .text.envHasRandomSeed
                0x0000000000007bc0        0xc /opt/devkitpro/libnx/lib/libnx.a(env.o)
                0x0000000000007bc0                envHasRandomSeed
 *fill*         0x0000000000007bcc        0x4 
 .text.envGetRandomSeed
                0x0000000000007bd0       0x10 /opt/devkitpro/libnx/lib/libnx.a(env.o)
                0x0000000000007bd0                envGetRandomSeed
 .text.__libnx_init
                0x0000000000007be0       0x2c /opt/devkitpro/libnx/lib/libnx.a(init.o)
                0x0000000000007be0                __libnx_init
 *fill*         0x0000000000007c0c        0x4 
 .text.__libnx_exit
                0x0000000000007c10       0x1c /opt/devkitpro/libnx/lib/libnx.a(init.o)
                0x0000000000007c10                __libnx_exit
 *fill*         0x0000000000007c2c        0x4 
 .text.__syscall_exit
                0x0000000000007c30       0x1c /opt/devkitpro/libnx/lib/libnx.a(newlib.o)
                0x0000000000007c30                __syscall_exit
 *fill*         0x0000000000007c4c        0x4 
 .text.__syscall_getreent
                0x0000000000007c50       0x34 /opt/devkitpro/libnx/lib/libnx.a(newlib.o)
                0x0000000000007c50                __syscall_getreent
 *fill*         0x0000000000007c84        0xc 
 .text.__syscall_lock_acquire
                0x0000000000007c90        0x4 /opt/devkitpro/libnx/lib/libnx.a(newlib.o)
                0x0000000000007c90                __syscall_lock_acquire
 *fill*         0x0000000000007c94        0xc 
 .text.__syscall_lock_release
                0x0000000000007ca0        0x4 /opt/devkitpro/libnx/lib/libnx.a(newlib.o)
                0x0000000000007ca0                __syscall_lock_release
 *fill*         0x0000000000007ca4        0xc 
 .text.__syscall_lock_acquire_recursive
                0x0000000000007cb0        0x4 /opt/devkitpro/libnx/lib/libnx.a(newlib.o)
                0x0000000000007cb0                __syscall_lock_acquire_recursive
 *fill*         0x0000000000007cb4        0xc 
 .text.__syscall_lock_release_recursive
                0x0000000000007cc0        0x4 /opt/devkitpro/libnx/lib/libnx.a(newlib.o)
                0x0000000000007cc0                __syscall_lock_release_recursive
 *fill*         0x0000000000007cc4        0xc 
 .text.newlibSetup
                0x0000000000007cd0       0x98 /opt/devkitpro/libnx/lib/libnx.a(newlib.o)
                0x0000000000007cd0                newlibSetup
 *fill*         0x0000000000007d68        0x8 
 .text.nxlinkSetup
                0x0000000000007d70       0xe8 /opt/devkitpro/libnx/lib/libnx.a(nxlink.o)
                0x0000000000007d70                nxlinkSetup
 .text.__libnx_exception_entry
                0x0000000000007e58      0x1c0 /opt/devkitpro/libnx/lib/libnx.a(exception.o)
                0x0000000000007e58                __libnx_exception_entry
 .text.__libnx_exception_returnentry
                0x0000000000008018       0x18 /opt/devkitpro/libnx/lib/libnx.a(exception.o)
                0x0000000000008018                __libnx_exception_returnentry
 .text.condvarWaitTimeout
                0x0000000000008030       0x70 /opt/devkitpro/libnx/lib/libnx.a(condvar.o)
                0x0000000000008030                condvarWaitTimeout
 .text.randomGet
                0x00000000000080a0      0x410 /opt/devkitpro/libnx/lib/libnx.a(random.o)
                0x00000000000080a0                randomGet
 .text.randomGet64
                0x00000000000084b0       0x20 /opt/devkitpro/libnx/lib/libnx.a(random.o)
                0x00000000000084b0                randomGet64
 .text.__libnx_init_thread
                0x00000000000084d0       0xb0 /opt/devkitpro/libnx/lib/libnx.a(thread.o)
                0x00000000000084d0                __libnx_init_thread
 .text.strncat  0x0000000000008580       0xc4 /opt/devkitpro/devkitA64/lib/gcc/aarch64-none-elf/16.1.0/../../../../aarch64-none-elf/lib/pic/libg.a(libc_a-strncat.o)
                0x0000000000008580                strncat
 *fill*         0x0000000000008644       0x3c 
 .text          0x0000000000008680       0xcc /opt/devkitpro/devkitA64/lib/gcc/aarch64-none-elf/16.1.0/../../../../aarch64-none-elf/lib/pic/libg.a(libc_a-strchr.o)
                0x0000000000008680                strchr
 *fill*         0x000000000000874c       0x34 
 .text          0x0000000000008780       0xb8 /opt/devkitpro/devkitA64/lib/gcc/aarch64-none-elf/16.1.0/../../../../aarch64-none-elf/lib/pic/libg.a(libc_a-strnlen.o)
                0x0000000000008780                strnlen
 *fill*         0x0000000000008838        0x8 
 .text.bsearch  0x0000000000008840       0xb4 /opt/devkitpro/devkitA64/lib/gcc/aarch64-none-elf/16.1.0/../../../../aarch64-none-elf/lib/pic/libg.a(libc_a-bsearch.o)
                0x0000000000008840                bsearch
 *fill*         0x00000000000088f4        0xc 
 .text          0x0000000000008900      0x22c /opt/devkitpro/devkitA64/lib/gcc/aarch64-none-elf/16.1.0/../../../../aarch64-none-elf/lib/pic/libg.a(libc_a-memcpy.o)
                0x0000000000008900                memmove
                0x0000000000008900                memcpy
 *fill*         0x0000000000008b2c       0x14 
 .text._fopen_r
                0x0000000000008b40      0x120 /opt/devkitpro/devkitA64/lib/gcc/aarch64-none-elf/16.1.0/../../../../aarch64-none-elf/lib/pic/libg.a(libc_a-fopen.o)
                0x0000000000008b40                _fopen_r
 .text.fopen    0x0000000000008c60       0x2c /opt/devkitpro/devkitA64/lib/gcc/aarch64-none-elf/16.1.0/../../../../aarch64-none-elf/lib/pic/libg.a(libc_a-fopen.o)
                0x0000000000008c60                fopen
 *fill*         0x0000000000008c8c       0x14 
 .text.gmtime   0x0000000000008ca0       0x28 /opt/devkitpro/devkitA64/lib/gcc/aarch64-none-elf/16.1.0/../../../../aarch64-none-elf/lib/pic/libg.a(libc_a-gmtime.o)
                0x0000000000008ca0                gmtime
 *fill*         0x0000000000008cc8       0x38 
 .text          0x0000000000008d00      0x104 /opt/devkitpro/devkitA64/lib/gcc/aarch64-none-elf/16.1.0/../../../../aarch64-none-elf/lib/pic/libg.a(libc_a-memset.o)
                0x0000000000008d00                memset
 *fill*         0x0000000000008e04       0x1c 
 .text._strtoul_l.isra.0
                0x0000000000008e20      0x1a4 /opt/devkitpro/devkitA64/lib/gcc/aarch64-none-elf/16.1.0/../../../../aarch64-none-elf/lib/pic/libg.a(libc_a-strtoul.o)
 *fill*         0x0000000000008fc4       0x1c 
 .text.strtoul  0x0000000000008fe0       0x40 /opt/devkitpro/devkitA64/lib/gcc/aarch64-none-elf/16.1.0/../../../../aarch64-none-elf/lib/pic/libg.a(libc_a-strtoul.o)
                0x0000000000008fe0                strtoul
 .text._fgets_r
                0x0000000000009020      0x184 /opt/devkitpro/devkitA64/lib/gcc/aarch64-none-elf/16.1.0/../../../../aarch64-none-elf/lib/pic/libg.a(libc_a-fgets.o)
                0x0000000000009020                _fgets_r
 *fill*         0x00000000000091a4       0x1c 
 .text.fgets    0x00000000000091c0       0x34 /opt/devkitpro/devkitA64/lib/gcc/aarch64-none-elf/16.1.0/../../../../aarch64-none-elf/lib/pic/libg.a(libc_a-fgets.o)
                0x00000000000091c0                fgets
 *fill*         0x00000000000091f4        0xc 
 .text._memalign_r
                0x0000000000009200      0x18c /opt/devkitpro/devkitA64/lib/gcc/aarch64-none-elf/16.1.0/../../../../aarch64-none-elf/lib/pic/libg.a(libc_a-malignr.o)
                0x0000000000009200                _memalign_r
 *fill*         0x000000000000938c       0x14 
 .text.__errno  0x00000000000093a0       0x14 /opt/devkitpro/devkitA64/lib/gcc/aarch64-none-elf/16.1.0/../../../../aarch64-none-elf/lib/pic/libg.a(libc_a-errno.o)
                0x00000000000093a0                __errno
 *fill*         0x00000000000093b4        0xc 
 .text          0x00000000000093c0      0x130 /opt/devkitpro/devkitA64/lib/gcc/aarch64-none-elf/16.1.0/../../../../aarch64-none-elf/lib/pic/libg.a(libc_a-strlen.o)
                0x00000000000093c0                strlen
 *fill*         0x00000000000094f0       0x10 
 .text          0x0000000000009500      0x1b4 /opt/devkitpro/devkitA64/lib/gcc/aarch64-none-elf/16.1.0/../../../../aarch64-none-elf/lib/pic/libg.a(libc_a-strncmp.o)
                0x0000000000009500                strncmp
 *fill*         0x00000000000096b4        0xc 
 .text._malloc_r
                0x00000000000096c0      0x840 /opt/devkitpro/devkitA64/lib/gcc/aarch64-none-elf/16.1.0/../../../../aarch64-none-elf/lib/pic/libg.a(libc_a-mallocr.o)
                0x00000000000096c0                _malloc_r
 .text._malloc_trim_r
                0x0000000000009f00      0x11c /opt/devkitpro/devkitA64/lib/gcc/aarch64-none-elf/16.1.0/../../../../aarch64-none-elf/lib/pic/libg.a(libc_a-freer.o)
                0x0000000000009f00                _malloc_trim_r
 *fill*         0x000000000000a01c        0x4 
 .text._free_r  0x000000000000a020      0x2d8 /opt/devkitpro/devkitA64/lib/gcc/aarch64-none-elf/16.1.0/../../../../aarch64-none-elf/lib/pic/libg.a(libc_a-freer.o)
                0x000000000000a020                _free_r
 *fill*         0x000000000000a2f8        0x8 
 .text.stdio_exit_handler
                0x000000000000a300       0x1c /opt/devkitpro/devkitA64/lib/gcc/aarch64-none-elf/16.1.0/../../../../aarch64-none-elf/lib/pic/libg.a(libc_a-findfp.o)
 *fill*         0x000000000000a31c        0x4 
 .text.cleanup_stdio
                0x000000000000a320       0x6c /opt/devkitpro/devkitA64/lib/gcc/aarch64-none-elf/16.1.0/../../../../aarch64-none-elf/lib/pic/libg.a(libc_a-findfp.o)
 *fill*         0x000000000000a38c       0x14 
 .text.global_stdio_init.part.0
                0x000000000000a3a0      0x128 /opt/devkitpro/devkitA64/lib/gcc/aarch64-none-elf/16.1.0/../../../../aarch64-none-elf/lib/pic/libg.a(libc_a-findfp.o)
 *fill*         0x000000000000a4c8       0x18 
 .text.__sfp_lock_acquire
                0x000000000000a4e0        0xc /opt/devkitpro/devkitA64/lib/gcc/aarch64-none-elf/16.1.0/../../../../aarch64-none-elf/lib/pic/libg.a(libc_a-findfp.o)
                0x000000000000a4e0                __sfp_lock_acquire
 *fill*         0x000000000000a4ec       0x14 
 .text.__sfp_lock_release
                0x000000000000a500        0xc /opt/devkitpro/devkitA64/lib/gcc/aarch64-none-elf/16.1.0/../../../../aarch64-none-elf/lib/pic/libg.a(libc_a-findfp.o)
                0x000000000000a500                __sfp_lock_release
 *fill*         0x000000000000a50c       0x14 
 .text.__sfp    0x000000000000a520      0x130 /opt/devkitpro/devkitA64/lib/gcc/aarch64-none-elf/16.1.0/../../../../aarch64-none-elf/lib/pic/libg.a(libc_a-findfp.o)
                0x000000000000a520                __sfp
 *fill*         0x000000000000a650       0x10 
 .text.__sinit  0x000000000000a660       0x54 /opt/devkitpro/devkitA64/lib/gcc/aarch64-none-elf/16.1.0/../../../../aarch64-none-elf/lib/pic/libg.a(libc_a-findfp.o)
                0x000000000000a660                __sinit
 *fill*         0x000000000000a6b4        0xc 
 .text.__libc_init_array
                0x000000000000a6c0       0xa4 /opt/devkitpro/devkitA64/lib/gcc/aarch64-none-elf/16.1.0/../../../../aarch64-none-elf/lib/pic/libg.a(libc_a-init.o)
                0x000000000000a6c0                __libc_init_array
 *fill*         0x000000000000a764       0x1c 
 .text.strncpy  0x000000000000a780       0xac /opt/devkitpro/devkitA64/lib/gcc/aarch64-none-elf/16.1.0/../../../../aarch64-none-elf/lib/pic/libg.a(libc_a-strncpy.o)
                0x000000000000a780                strncpy
 *fill*         0x000000000000a82c       0x14 
 .text._fseek_r
                0x000000000000a840        0x4 /opt/devkitpro/devkitA64/lib/gcc/aarch64-none-elf/16.1.0/../../../../aarch64-none-elf/lib/pic/libg.a(libc_a-fseek.o)
                0x000000000000a840                _fseek_r
 *fill*         0x000000000000a844       0x1c 
 .text.malloc   0x000000000000a860       0x38 /opt/devkitpro/devkitA64/lib/gcc/aarch64-none-elf/16.1.0/../../../../aarch64-none-elf/lib/pic/libg.a(libc_a-malloc.o)
                0x000000000000a860                malloc
 *fill*         0x000000000000a898        0x8 
 .text.free     0x000000000000a8a0       0x1c /opt/devkitpro/devkitA64/lib/gcc/aarch64-none-elf/16.1.0/../../../../aarch64-none-elf/lib/pic/libg.a(libc_a-malloc.o)
                0x000000000000a8a0                free
 *fill*         0x000000000000a8bc        0x4 
 .text.__sread  0x000000000000a8c0       0x4c /opt/devkitpro/devkitA64/lib/gcc/aarch64-none-elf/16.1.0/../../../../aarch64-none-elf/lib/pic/libg.a(libc_a-stdio.o)
                0x000000000000a8c0                __sread
 *fill*         0x000000000000a90c       0x14 
 .text.__swrite
                0x000000000000a920       0x70 /opt/devkitpro/devkitA64/lib/gcc/aarch64-none-elf/16.1.0/../../../../aarch64-none-elf/lib/pic/libg.a(libc_a-stdio.o)
                0x000000000000a920                __swrite
 *fill*         0x000000000000a990       0x10 
 .text.__sseek  0x000000000000a9a0       0x50 /opt/devkitpro/devkitA64/lib/gcc/aarch64-none-elf/16.1.0/../../../../aarch64-none-elf/lib/pic/libg.a(libc_a-stdio.o)
                0x000000000000a9a0                __sseek
 *fill*         0x000000000000a9f0       0x10 
 .text.__sclose
                0x000000000000aa00        0x8 /opt/devkitpro/devkitA64/lib/gcc/aarch64-none-elf/16.1.0/../../../../aarch64-none-elf/lib/pic/libg.a(libc_a-stdio.o)
                0x000000000000aa00                __sclose
 *fill*         0x000000000000aa08       0x18 
 .text.__malloc_lock
                0x000000000000aa20        0xc /opt/devkitpro/devkitA64/lib/gcc/aarch64-none-elf/16.1.0/../../../../aarch64-none-elf/lib/pic/libg.a(libc_a-mlock.o)
                0x000000000000aa20                __malloc_lock
 *fill*         0x000000000000aa2c       0x14 
 .text.__malloc_unlock
                0x000000000000aa40        0xc /opt/devkitpro/devkitA64/lib/gcc/aarch64-none-elf/16.1.0/../../../../aarch64-none-elf/lib/pic/libg.a(libc_a-mlock.o)
                0x000000000000aa40                __malloc_unlock
 *fill*         0x000000000000aa4c       0x14 
 .text._fseeko_r
                0x000000000000aa60      0x4c0 /opt/devkitpro/devkitA64/lib/gcc/aarch64-none-elf/16.1.0/../../../../aarch64-none-elf/lib/pic/libg.a(libc_a-fseeko.o)
                0x000000000000aa60                _fseeko_r
 .text._fclose_r
                0x000000000000af20      0x130 /opt/devkitpro/devkitA64/lib/gcc/aarch64-none-elf/16.1.0/../../../../aarch64-none-elf/lib/pic/libg.a(libc_a-fclose.o)
                0x000000000000af20                _fclose_r
 *fill*         0x000000000000b050       0x10 
 .text.fclose   0x000000000000b060       0x1c /opt/devkitpro/devkitA64/lib/gcc/aarch64-none-elf/16.1.0/../../../../aarch64-none-elf/lib/pic/libg.a(libc_a-fclose.o)
                0x000000000000b060                fclose
 *fill*         0x000000000000b07c        0x4 
 .text.fprintf  0x000000000000b080       0x80 /opt/devkitpro/devkitA64/lib/gcc/aarch64-none-elf/16.1.0/../../../../aarch64-none-elf/lib/pic/libg.a(libc_a-fprintf.o)
                0x000000000000b080                fprintf
 .text.__call_exitprocs
                0x000000000000b100        0x4 /opt/devkitpro/devkitA64/lib/gcc/aarch64-none-elf/16.1.0/../../../../aarch64-none-elf/lib/pic/libg.a(libc_a-exit.o)
                0x000000000000b100                __call_exitprocs
 *fill*         0x000000000000b104       0x1c 
 .text.__sflags
                0x000000000000b120       0xb8 /opt/devkitpro/devkitA64/lib/gcc/aarch64-none-elf/16.1.0/../../../../aarch64-none-elf/lib/pic/libg.a(libc_a-flags.o)
                0x000000000000b120                __sflags
 *fill*         0x000000000000b1d8       0x28 
 .text          0x000000000000b200      0x134 /opt/devkitpro/devkitA64/lib/gcc/aarch64-none-elf/16.1.0/../../../../aarch64-none-elf/lib/pic/libg.a(libc_a-strcmp.o)
                0x000000000000b200                strcmp
 *fill*         0x000000000000b334        0xc 
 .text.__libc_fini_array
                0x000000000000b340       0x44 /opt/devkitpro/devkitA64/lib/gcc/aarch64-none-elf/16.1.0/../../../../aarch64-none-elf/lib/pic/libg.a(libc_a-fini.o)
                0x000000000000b340                __libc_fini_array
 *fill*         0x000000000000b384       0x1c 
 .text.gmtime_r
                0x000000000000b3a0      0x2a0 /opt/devkitpro/devkitA64/lib/gcc/aarch64-none-elf/16.1.0/../../../../aarch64-none-elf/lib/pic/libg.a(libc_a-gmtime_r.o)
                0x000000000000b3a0                gmtime_r
 .text          0x000000000000b640       0xdc /opt/devkitpro/devkitA64/lib/gcc/aarch64-none-elf/16.1.0/../../../../aarch64-none-elf/lib/pic/libg.a(libc_a-memchr.o)
                0x000000000000b640                memchr
 *fill*         0x000000000000b71c        0x4 
 .text.lflush   0x000000000000b720       0x38 /opt/devkitpro/devkitA64/lib/gcc/aarch64-none-elf/16.1.0/../../../../aarch64-none-elf/lib/pic/libg.a(libc_a-refill.o)
 *fill*         0x000000000000b758        0x8 
 .text.__srefill_r
                0x000000000000b760      0x190 /opt/devkitpro/devkitA64/lib/gcc/aarch64-none-elf/16.1.0/../../../../aarch64-none-elf/lib/pic/libg.a(libc_a-refill.o)
                0x000000000000b760                __srefill_r
 *fill*         0x000000000000b8f0       0x10 
 .text._fwalk_sglue
                0x000000000000b900       0x98 /opt/devkitpro/devkitA64/lib/gcc/aarch64-none-elf/16.1.0/../../../../aarch64-none-elf/lib/pic/libg.a(libc_a-fwalk.o)
                0x000000000000b900                _fwalk_sglue
 .text.get_arg  0x000000000000b998      0x790 /opt/devkitpro/devkitA64/lib/gcc/aarch64-none-elf/16.1.0/../../../../aarch64-none-elf/lib/pic/libg.a(libc_a-vfprintf.o)
 .text._vfprintf_r
                0x000000000000c128     0x3bd4 /opt/devkitpro/devkitA64/lib/gcc/aarch64-none-elf/16.1.0/../../../../aarch64-none-elf/lib/pic/libg.a(libc_a-vfprintf.o)
                0x000000000000c128                _vfprintf_r
 .text.__sbprintf
                0x000000000000fcfc       0xcc /opt/devkitpro/devkitA64/lib/gcc/aarch64-none-elf/16.1.0/../../../../aarch64-none-elf/lib/pic/libg.a(libc_a-vfprintf.o)
 *fill*         0x000000000000fdc8       0x18 
 .text._wcrtomb_r
                0x000000000000fde0       0xd0 /opt/devkitpro/devkitA64/lib/gcc/aarch64-none-elf/16.1.0/../../../../aarch64-none-elf/lib/pic/libg.a(libc_a-wcrtomb.o)
                0x000000000000fde0                _wcrtomb_r
 *fill*         0x000000000000feb0       0x10 
 .text.__swhatbuf_r
                0x000000000000fec0       0xb0 /opt/devkitpro/devkitA64/lib/gcc/aarch64-none-elf/16.1.0/../../../../aarch64-none-elf/lib/pic/libg.a(libc_a-makebuf.o)
                0x000000000000fec0                __swhatbuf_r
 *fill*         0x000000000000ff70       0x10 
 .text.__smakebuf_r
                0x000000000000ff80       0xe8 /opt/devkitpro/devkitA64/lib/gcc/aarch64-none-elf/16.1.0/../../../../aarch64-none-elf/lib/pic/libg.a(libc_a-makebuf.o)
                0x000000000000ff80                __smakebuf_r
 *fill*         0x0000000000010068       0x18 
 .text.__locale_mb_cur_max
                0x0000000000010080       0x2c /opt/devkitpro/devkitA64/lib/gcc/aarch64-none-elf/16.1.0/../../../../aarch64-none-elf/lib/pic/libg.a(libc_a-locale.o)
                0x0000000000010080                __locale_mb_cur_max
 *fill*         0x00000000000100ac       0x14 
 .text.__sflush_r
                0x00000000000100c0      0x1ec /opt/devkitpro/devkitA64/lib/gcc/aarch64-none-elf/16.1.0/../../../../aarch64-none-elf/lib/pic/libg.a(libc_a-fflush.o)
                0x00000000000100c0                __sflush_r
 *fill*         0x00000000000102ac       0x14 
 .text._fflush_r
                0x00000000000102c0       0xbc /opt/devkitpro/devkitA64/lib/gcc/aarch64-none-elf/16.1.0/../../../../aarch64-none-elf/lib/pic/libg.a(libc_a-fflush.o)
                0x00000000000102c0                _fflush_r
 *fill*         0x000000000001037c        0x4 
 .text.__sprint_r
                0x0000000000010380       0x38 /opt/devkitpro/devkitA64/lib/gcc/aarch64-none-elf/16.1.0/../../../../aarch64-none-elf/lib/pic/libg.a(libc_a-sprint_r.o)
                0x0000000000010380                __sprint_r
 *fill*         0x00000000000103b8        0x8 
 .text.quorem   0x00000000000103c0      0x1a4 /opt/devkitpro/devkitA64/lib/gcc/aarch64-none-elf/16.1.0/../../../../aarch64-none-elf/lib/pic/libg.a(libc_a-dtoa.o)
 *fill*         0x0000000000010564       0x1c 
 .text._dtoa_r  0x0000000000010580     0x12f0 /opt/devkitpro/devkitA64/lib/gcc/aarch64-none-elf/16.1.0/../../../../aarch64-none-elf/lib/pic/libg.a(libc_a-dtoa.o)
                0x0000000000010580                _dtoa_r
 *fill*         0x0000000000011870       0x10 
 .text._wcsrtombs_r
                0x0000000000011880       0x10 /opt/devkitpro/devkitA64/lib/gcc/aarch64-none-elf/16.1.0/../../../../aarch64-none-elf/lib/pic/libg.a(libc_a-wcsrtombs.o)
                0x0000000000011880                _wcsrtombs_r
 *fill*         0x0000000000011890       0x10 
 .text.__swsetup_r
                0x00000000000118a0      0x12c /opt/devkitpro/devkitA64/lib/gcc/aarch64-none-elf/16.1.0/../../../../aarch64-none-elf/lib/pic/libg.a(libc_a-wsetup.o)
                0x00000000000118a0                __swsetup_r
 *fill*         0x00000000000119cc       0x14 
 .text.__localeconv_l
                0x00000000000119e0        0x8 /opt/devkitpro/devkitA64/lib/gcc/aarch64-none-elf/16.1.0/../../../../aarch64-none-elf/lib/pic/libg.a(libc_a-localeconv.o)
                0x00000000000119e0                __localeconv_l
 *fill*         0x00000000000119e8       0x18 
 .text._localeconv_r
                0x0000000000011a00       0x28 /opt/devkitpro/devkitA64/lib/gcc/aarch64-none-elf/16.1.0/../../../../aarch64-none-elf/lib/pic/libg.a(libc_a-localeconv.o)
                0x0000000000011a00                _localeconv_r
 *fill*         0x0000000000011a28       0x18 
 .text._realloc_r
                0x0000000000011a40      0x568 /opt/devkitpro/devkitA64/lib/gcc/aarch64-none-elf/16.1.0/../../../../aarch64-none-elf/lib/pic/libg.a(libc_a-reallocr.o)
                0x0000000000011a40                _realloc_r
 *fill*         0x0000000000011fa8       0x18 
 .text.__utf8_wctomb
                0x0000000000011fc0       0xe0 /opt/devkitpro/devkitA64/lib/gcc/aarch64-none-elf/16.1.0/../../../../aarch64-none-elf/lib/pic/libg.a(libc_a-wctomb_r.o)
                0x0000000000011fc0                __utf8_wctomb
 .text._wcsnrtombs_l
                0x00000000000120a0      0x188 /opt/devkitpro/devkitA64/lib/gcc/aarch64-none-elf/16.1.0/../../../../aarch64-none-elf/lib/pic/libg.a(libc_a-wcsnrtombs.o)
                0x00000000000120a0                _wcsnrtombs_l
 *fill*         0x0000000000012228       0x18 
 .text._wcsnrtombs_r
                0x0000000000012240       0x54 /opt/devkitpro/devkitA64/lib/gcc/aarch64-none-elf/16.1.0/../../../../aarch64-none-elf/lib/pic/libg.a(libc_a-wcsnrtombs.o)
                0x0000000000012240                _wcsnrtombs_r
 *fill*         0x0000000000012294        0xc 
 .text.frexp    0x00000000000122a0       0x7c /opt/devkitpro/devkitA64/lib/gcc/aarch64-none-elf/16.1.0/../../../../aarch64-none-elf/lib/pic/libg.a(libm_a-s_frexp.o)
                0x00000000000122a0                frexp
 *fill*         0x000000000001231c        0x4 
 .text.__assert_func
                0x0000000000012320       0x64 /opt/devkitpro/devkitA64/lib/gcc/aarch64-none-elf/16.1.0/../../../../aarch64-none-elf/lib/pic/libg.a(libc_a-assert.o)
                0x0000000000012320                __assert_func
 *fill*         0x0000000000012384       0x1c 
 .text._Balloc  0x00000000000123a0       0xa4 /opt/devkitpro/devkitA64/lib/gcc/aarch64-none-elf/16.1.0/../../../../aarch64-none-elf/lib/pic/libg.a(libc_a-mprec.o)
                0x00000000000123a0                _Balloc
 *fill*         0x0000000000012444       0x1c 
 .text._Bfree   0x0000000000012460       0x20 /opt/devkitpro/devkitA64/lib/gcc/aarch64-none-elf/16.1.0/../../../../aarch64-none-elf/lib/pic/libg.a(libc_a-mprec.o)
                0x0000000000012460                _Bfree
 .text.__multadd
                0x0000000000012480      0x118 /opt/devkitpro/devkitA64/lib/gcc/aarch64-none-elf/16.1.0/../../../../aarch64-none-elf/lib/pic/libg.a(libc_a-mprec.o)
                0x0000000000012480                __multadd
 *fill*         0x0000000000012598        0x8 
 .text.__hi0bits
                0x00000000000125a0       0x94 /opt/devkitpro/devkitA64/lib/gcc/aarch64-none-elf/16.1.0/../../../../aarch64-none-elf/lib/pic/libg.a(libc_a-mprec.o)
                0x00000000000125a0                __hi0bits
 *fill*         0x0000000000012634        0xc 
 .text.__lo0bits
                0x0000000000012640      0x100 /opt/devkitpro/devkitA64/lib/gcc/aarch64-none-elf/16.1.0/../../../../aarch64-none-elf/lib/pic/libg.a(libc_a-mprec.o)
                0x0000000000012640                __lo0bits
 .text.__i2b    0x0000000000012740       0x4c /opt/devkitpro/devkitA64/lib/gcc/aarch64-none-elf/16.1.0/../../../../aarch64-none-elf/lib/pic/libg.a(libc_a-mprec.o)
                0x0000000000012740                __i2b
 *fill*         0x000000000001278c       0x14 
 .text.__multiply
                0x00000000000127a0      0x210 /opt/devkitpro/devkitA64/lib/gcc/aarch64-none-elf/16.1.0/../../../../aarch64-none-elf/lib/pic/libg.a(libc_a-mprec.o)
                0x00000000000127a0                __multiply
 *fill*         0x00000000000129b0       0x10 
 .text.__pow5mult
                0x00000000000129c0      0x104 /opt/devkitpro/devkitA64/lib/gcc/aarch64-none-elf/16.1.0/../../../../aarch64-none-elf/lib/pic/libg.a(libc_a-mprec.o)
                0x00000000000129c0                __pow5mult
 *fill*         0x0000000000012ac4       0x1c 
 .text.__lshift
                0x0000000000012ae0      0x174 /opt/devkitpro/devkitA64/lib/gcc/aarch64-none-elf/16.1.0/../../../../aarch64-none-elf/lib/pic/libg.a(libc_a-mprec.o)
                0x0000000000012ae0                __lshift
 *fill*         0x0000000000012c54        0xc 
 .text.__mcmp   0x0000000000012c60       0x50 /opt/devkitpro/devkitA64/lib/gcc/aarch64-none-elf/16.1.0/../../../../aarch64-none-elf/lib/pic/libg.a(libc_a-mprec.o)
                0x0000000000012c60                __mcmp
 *fill*         0x0000000000012cb0       0x10 
 .text.__mdiff  0x0000000000012cc0      0x1c4 /opt/devkitpro/devkitA64/lib/gcc/aarch64-none-elf/16.1.0/../../../../aarch64-none-elf/lib/pic/libg.a(libc_a-mprec.o)
                0x0000000000012cc0                __mdiff
 *fill*         0x0000000000012e84       0x1c 
 .text.__d2b    0x0000000000012ea0      0x14c /opt/devkitpro/devkitA64/lib/gcc/aarch64-none-elf/16.1.0/../../../../aarch64-none-elf/lib/pic/libg.a(libc_a-mprec.o)
                0x0000000000012ea0                __d2b
 *fill*         0x0000000000012fec       0x14 
 .text.__utf8_mbtowc
                0x0000000000013000      0x2dc /opt/devkitpro/devkitA64/lib/gcc/aarch64-none-elf/16.1.0/../../../../aarch64-none-elf/lib/pic/libg.a(libc_a-mbtowc_r.o)
                0x0000000000013000                __utf8_mbtowc
 *fill*         0x00000000000132dc        0x4 
 .text.fiprintf
                0x00000000000132e0       0x80 /opt/devkitpro/devkitA64/lib/gcc/aarch64-none-elf/16.1.0/../../../../aarch64-none-elf/lib/pic/libg.a(libc_a-fiprintf.o)
                0x00000000000132e0                fiprintf
 .text.__sfvwrite_r
                0x0000000000013360      0x4a4 /opt/devkitpro/devkitA64/lib/gcc/aarch64-none-elf/16.1.0/../../../../aarch64-none-elf/lib/pic/libg.a(libc_a-fvwrite.o)
                0x0000000000013360                __sfvwrite_r
 *fill*         0x0000000000013804       0x1c 
 .text.abort    0x0000000000013820       0x18 /opt/devkitpro/devkitA64/lib/gcc/aarch64-none-elf/16.1.0/../../../../aarch64-none-elf/lib/pic/libg.a(libc_a-abort.o)
                0x0000000000013820                abort
 *fill*         0x0000000000013838        0x8 
 .text._calloc_r
                0x0000000000013840       0xbc /opt/devkitpro/devkitA64/lib/gcc/aarch64-none-elf/16.1.0/../../../../aarch64-none-elf/lib/pic/libg.a(libc_a-callocr.o)
                0x0000000000013840                _calloc_r
 .text.get_arg  0x00000000000138fc      0x790 /opt/devkitpro/devkitA64/lib/gcc/aarch64-none-elf/16.1.0/../../../../aarch64-none-elf/lib/pic/libg.a(libc_a-vfiprintf.o)
 .text._vfiprintf_r
                0x000000000001408c     0x2964 /opt/devkitpro/devkitA64/lib/gcc/aarch64-none-elf/16.1.0/../../../../aarch64-none-elf/lib/pic/libg.a(libc_a-vfiprintf.o)
                0x000000000001408c                _vfiprintf_r
 .text.__sbprintf
                0x00000000000169f0       0xcc /opt/devkitpro/devkitA64/lib/gcc/aarch64-none-elf/16.1.0/../../../../aarch64-none-elf/lib/pic/libg.a(libc_a-vfiprintf.o)
 *fill*         0x0000000000016abc        0x4 
 .text._raise_r
                0x0000000000016ac0       0x9c /opt/devkitpro/devkitA64/lib/gcc/aarch64-none-elf/16.1.0/../../../../aarch64-none-elf/lib/pic/libg.a(libc_a-signal.o)
                0x0000000000016ac0                _raise_r
 *fill*         0x0000000000016b5c        0x4 
 .text.raise    0x0000000000016b60       0x1c /opt/devkitpro/devkitA64/lib/gcc/aarch64-none-elf/16.1.0/../../../../aarch64-none-elf/lib/pic/libg.a(libc_a-signal.o)
                0x0000000000016b60                raise
 *fill*         0x0000000000016b7c        0x4 
 .text._exit    0x0000000000016b80       0x20 /opt/devkitpro/devkitA64/lib/gcc/aarch64-none-elf/16.1.0/../../../../aarch64-none-elf/lib/pic/libsysbase.a(libsysbase_libsysbase_a-_exit.o)
                0x0000000000016b80                _exit
 .text._fstat_r
                0x0000000000016ba0       0x9c /opt/devkitpro/devkitA64/lib/gcc/aarch64-none-elf/16.1.0/../../../../aarch64-none-elf/lib/pic/libsysbase.a(libsysbase_libsysbase_a-fstat.o)
                0x0000000000016ba0                _fstat_r
 *fill*         0x0000000000016c3c        0x4 
 .text._getpid_r
                0x0000000000016c40       0x10 /opt/devkitpro/devkitA64/lib/gcc/aarch64-none-elf/16.1.0/../../../../aarch64-none-elf/lib/pic/libsysbase.a(libsysbase_libsysbase_a-getpid.o)
                0x0000000000016c40                _getpid_r
 *fill*         0x0000000000016c50       0x10 
 .text.__getreent
                0x0000000000016c60       0x20 /opt/devkitpro/devkitA64/lib/gcc/aarch64-none-elf/16.1.0/../../../../aarch64-none-elf/lib/pic/libsysbase.a(libsysbase_libsysbase_a-getreent.o)
                0x0000000000016c60                __getreent
 .text.__release_handle
                0x0000000000016c80       0xa0 /opt/devkitpro/devkitA64/lib/gcc/aarch64-none-elf/16.1.0/../../../../aarch64-none-elf/lib/pic/libsysbase.a(libsysbase_libsysbase_a-handle_manager.o)
                0x0000000000016c80                __release_handle
 .text.__alloc_handle
                0x0000000000016d20      0x130 /opt/devkitpro/devkitA64/lib/gcc/aarch64-none-elf/16.1.0/../../../../aarch64-none-elf/lib/pic/libsysbase.a(libsysbase_libsysbase_a-handle_manager.o)
                0x0000000000016d20                __alloc_handle
 *fill*         0x0000000000016e50       0x10 
 .text.__get_handle
                0x0000000000016e60       0x60 /opt/devkitpro/devkitA64/lib/gcc/aarch64-none-elf/16.1.0/../../../../aarch64-none-elf/lib/pic/libsysbase.a(libsysbase_libsysbase_a-handle_manager.o)
                0x0000000000016e60                __get_handle
 .text._close_r
                0x0000000000016ec0       0xf4 /opt/devkitpro/devkitA64/lib/gcc/aarch64-none-elf/16.1.0/../../../../aarch64-none-elf/lib/pic/libsysbase.a(libsysbase_libsysbase_a-handle_manager.o)
                0x0000000000016ec0                _close_r
 *fill*         0x0000000000016fb4        0xc 
 .text.null_write
                0x0000000000016fc0        0x8 /opt/devkitpro/devkitA64/lib/gcc/aarch64-none-elf/16.1.0/../../../../aarch64-none-elf/lib/pic/libsysbase.a(libsysbase_libsysbase_a-iosupport.o)
 *fill*         0x0000000000016fc8       0x18 
 .text.setDefaultDevice
                0x0000000000016fe0       0x18 /opt/devkitpro/devkitA64/lib/gcc/aarch64-none-elf/16.1.0/../../../../aarch64-none-elf/lib/pic/libsysbase.a(libsysbase_libsysbase_a-iosupport.o)
                0x0000000000016fe0                setDefaultDevice
 *fill*         0x0000000000016ff8        0x8 
 .text.FindDevice
                0x0000000000017000       0xb8 /opt/devkitpro/devkitA64/lib/gcc/aarch64-none-elf/16.1.0/../../../../aarch64-none-elf/lib/pic/libsysbase.a(libsysbase_libsysbase_a-iosupport.o)
                0x0000000000017000                FindDevice
 *fill*         0x00000000000170b8        0x8 
 .text.RemoveDevice
                0x00000000000170c0       0x2c /opt/devkitpro/devkitA64/lib/gcc/aarch64-none-elf/16.1.0/../../../../aarch64-none-elf/lib/pic/libsysbase.a(libsysbase_libsysbase_a-iosupport.o)
                0x00000000000170c0                RemoveDevice
 *fill*         0x00000000000170ec       0x14 
 .text.AddDevice
                0x0000000000017100       0xa4 /opt/devkitpro/devkitA64/lib/gcc/aarch64-none-elf/16.1.0/../../../../aarch64-none-elf/lib/pic/libsysbase.a(libsysbase_libsysbase_a-iosupport.o)
                0x0000000000017100                AddDevice
 *fill*         0x00000000000171a4       0x1c 
 .text.GetDeviceOpTab
                0x00000000000171c0       0x34 /opt/devkitpro/devkitA64/lib/gcc/aarch64-none-elf/16.1.0/../../../../aarch64-none-elf/lib/pic/libsysbase.a(libsysbase_libsysbase_a-iosupport.o)
                0x00000000000171c0                GetDeviceOpTab
 *fill*         0x00000000000171f4        0xc 
 .text._isatty_r
                0x0000000000017200        0x8 /opt/devkitpro/devkitA64/lib/gcc/aarch64-none-elf/16.1.0/../../../../aarch64-none-elf/lib/pic/libsysbase.a(libsysbase_libsysbase_a-isatty.o)
                0x0000000000017200                _isatty_r
 *fill*         0x0000000000017208       0x18 
 .text._kill_r  0x0000000000017220       0x10 /opt/devkitpro/devkitA64/lib/gcc/aarch64-none-elf/16.1.0/../../../../aarch64-none-elf/lib/pic/libsysbase.a(libsysbase_libsysbase_a-kill.o)
                0x0000000000017220                _kill_r
 *fill*         0x0000000000017230       0x10 
 .text._lseek_r
                0x0000000000017240       0xa0 /opt/devkitpro/devkitA64/lib/gcc/aarch64-none-elf/16.1.0/../../../../aarch64-none-elf/lib/pic/libsysbase.a(libsysbase_libsysbase_a-lseek.o)
                0x0000000000017240                _lseek_r
 .text.mkdir    0x00000000000172e0       0x88 /opt/devkitpro/devkitA64/lib/gcc/aarch64-none-elf/16.1.0/../../../../aarch64-none-elf/lib/pic/libsysbase.a(libsysbase_libsysbase_a-mkdir.o)
                0x00000000000172e0                mkdir
 *fill*         0x0000000000017368       0x18 
 .text._open_r  0x0000000000017380       0xf0 /opt/devkitpro/devkitA64/lib/gcc/aarch64-none-elf/16.1.0/../../../../aarch64-none-elf/lib/pic/libsysbase.a(libsysbase_libsysbase_a-open.o)
                0x0000000000017380                _open_r
 *fill*         0x0000000000017470       0x10 
 .text._read_r  0x0000000000017480       0xb0 /opt/devkitpro/devkitA64/lib/gcc/aarch64-none-elf/16.1.0/../../../../aarch64-none-elf/lib/pic/libsysbase.a(libsysbase_libsysbase_a-read.o)
                0x0000000000017480                _read_r
 *fill*         0x0000000000017530       0x10 
 .text._sbrk_r  0x0000000000017540       0x78 /opt/devkitpro/devkitA64/lib/gcc/aarch64-none-elf/16.1.0/../../../../aarch64-none-elf/lib/pic/libsysbase.a(libsysbase_libsysbase_a-sbrk.o)
                0x0000000000017540                _sbrk_r
 *fill*         0x00000000000175b8        0x8 
 .text.__libc_lock_acquire
                0x00000000000175c0       0x14 /opt/devkitpro/devkitA64/lib/gcc/aarch64-none-elf/16.1.0/../../../../aarch64-none-elf/lib/pic/libsysbase.a(libsysbase_libsysbase_a-syscall_support.o)
                0x00000000000175c0                __libc_lock_acquire
 *fill*         0x00000000000175d4        0xc 
 .text.__libc_lock_release
                0x00000000000175e0       0x14 /opt/devkitpro/devkitA64/lib/gcc/aarch64-none-elf/16.1.0/../../../../aarch64-none-elf/lib/pic/libsysbase.a(libsysbase_libsysbase_a-syscall_support.o)
                0x00000000000175e0                __libc_lock_release
 *fill*         0x00000000000175f4        0xc 
 .text.__libc_lock_acquire_recursive
                0x0000000000017600       0x14 /opt/devkitpro/devkitA64/lib/gcc/aarch64-none-elf/16.1.0/../../../../aarch64-none-elf/lib/pic/libsysbase.a(libsysbase_libsysbase_a-syscall_support.o)
                0x0000000000017600                __libc_lock_acquire_recursive
 *fill*         0x0000000000017614        0xc 
 .text.__libc_lock_release_recursive
                0x0000000000017620       0x14 /opt/devkitpro/devkitA64/lib/gcc/aarch64-none-elf/16.1.0/../../../../aarch64-none-elf/lib/pic/libsysbase.a(libsysbase_libsysbase_a-syscall_support.o)
                0x0000000000017620                __libc_lock_release_recursive
 *fill*         0x0000000000017634        0xc 
 .text._write_r
                0x0000000000017640       0xb0 /opt/devkitpro/devkitA64/lib/gcc/aarch64-none-elf/16.1.0/../../../../aarch64-none-elf/lib/pic/libsysbase.a(libsysbase_libsysbase_a-write.o)
                0x0000000000017640                _write_r
 *fill*         0x00000000000176f0       0x10 
 .text.__trunctfdf2
                0x0000000000017700      0x394 /opt/devkitpro/devkitA64/lib/gcc/aarch64-none-elf/16.1.0/pic/libgcc.a(trunctfdf2.o)
                0x0000000000017700                __trunctfdf2
 *fill*         0x0000000000017a94        0xc 
 .text.__sfp_handle_exceptions
                0x0000000000017aa0       0x70 /opt/devkitpro/devkitA64/lib/gcc/aarch64-none-elf/16.1.0/pic/libgcc.a(sfp-exceptions.o)
                0x0000000000017aa0                __sfp_handle_exceptions
                0x0000000000017b10                . = ALIGN (0x8)

.init           0x0000000000017b10       0x38
 *(.init)
 .init          0x0000000000017b10       0x18 /opt/devkitpro/devkitA64/lib/gcc/aarch64-none-elf/16.1.0/pic/crti.o
                0x0000000000017b10                _init
 .init          0x0000000000017b28       0x1c /opt/devkitpro/devkitA64/lib/gcc/aarch64-none-elf/16.1.0/pic/crtn.o
                0x0000000000017b48                . = ALIGN (0x8)
 *fill*         0x0000000000017b44        0x4 

.plt            0x0000000000017b48        0x0
 *(.plt)
 .plt           0x0000000000017b48        0x0 /opt/devkitpro/devkitA64/lib/gcc/aarch64-none-elf/16.1.0/pic/crti.o
 *(.iplt)
                0x0000000000017b48                . = ALIGN (0x8)

.fini           0x0000000000017b48       0x38
 *(.fini)
 .fini          0x0000000000017b48       0x18 /opt/devkitpro/devkitA64/lib/gcc/aarch64-none-elf/16.1.0/pic/crti.o
                0x0000000000017b48                _fini
 .fini          0x0000000000017b60       0x1c /opt/devkitpro/devkitA64/lib/gcc/aarch64-none-elf/16.1.0/pic/crtn.o
                0x0000000000017b80                . = ALIGN (0x8)
 *fill*         0x0000000000017b7c        0x4 
                0x0000000000018000                . = ALIGN (0x1000)
                [!provide]                        PROVIDE (__rodata_start = .)

.nx-module-name
                0x0000000000018000       0x14
 *(.nx-module-name)
 .nx-module-name
                0x0000000000018000       0x14 /opt/devkitpro/devkitA64/lib/gcc/aarch64-none-elf/16.1.0/pic/crti.o

.rela.dyn       0x0000000000018018        0x0
 *(.rela.*)
 .rela.got      0x0000000000018018        0x0 /opt/devkitpro/devkitA64/lib/gcc/aarch64-none-elf/16.1.0/pic/crti.o
 .rela.plt      0x0000000000018018        0x0 /opt/devkitpro/devkitA64/lib/gcc/aarch64-none-elf/16.1.0/pic/crti.o
 .rela.bss      0x0000000000018018        0x0 /opt/devkitpro/devkitA64/lib/gcc/aarch64-none-elf/16.1.0/pic/crti.o
 .rela.data.rel.ro
                0x0000000000018018        0x0 /opt/devkitpro/devkitA64/lib/gcc/aarch64-none-elf/16.1.0/pic/crti.o
 .rela.init_array
                0x0000000000018018        0x0 /opt/devkitpro/devkitA64/lib/gcc/aarch64-none-elf/16.1.0/pic/crti.o
 .rela.fini_array
                0x0000000000018018        0x0 /opt/devkitpro/devkitA64/lib/gcc/aarch64-none-elf/16.1.0/pic/crti.o
 .rela.ifunc    0x0000000000018018        0x0 /opt/devkitpro/devkitA64/lib/gcc/aarch64-none-elf/16.1.0/pic/crti.o
 .rela.data.rel.ro.local.fsdev_devoptab
                0x0000000000018018        0x0 /opt/devkitpro/devkitA64/lib/gcc/aarch64-none-elf/16.1.0/pic/crti.o
 .rela.data.rel._impure_ptr
                0x0000000000018018        0x0 /opt/devkitpro/devkitA64/lib/gcc/aarch64-none-elf/16.1.0/pic/crti.o
 .rela.data.rel._impure_data
                0x0000000000018018        0x0 /opt/devkitpro/devkitA64/lib/gcc/aarch64-none-elf/16.1.0/pic/crti.o
 .rela.data.rel.__malloc_av_
                0x0000000000018018        0x0 /opt/devkitpro/devkitA64/lib/gcc/aarch64-none-elf/16.1.0/pic/crti.o
 .rela.data.rel.__sglue
                0x0000000000018018        0x0 /opt/devkitpro/devkitA64/lib/gcc/aarch64-none-elf/16.1.0/pic/crti.o
 .rela.data.rel.__global_locale
                0x0000000000018018        0x0 /opt/devkitpro/devkitA64/lib/gcc/aarch64-none-elf/16.1.0/pic/crti.o
 .rela.data.rel.local.handles
                0x0000000000018018        0x0 /opt/devkitpro/devkitA64/lib/gcc/aarch64-none-elf/16.1.0/pic/crti.o
 .rela.data.rel.devoptab_list
                0x0000000000018018        0x0 /opt/devkitpro/devkitA64/lib/gcc/aarch64-none-elf/16.1.0/pic/crti.o
 .rela.data.rel.ro.local.dotab_stdnull
                0x0000000000018018        0x0 /opt/devkitpro/devkitA64/lib/gcc/aarch64-none-elf/16.1.0/pic/crti.o

.relr.dyn       0x0000000000018018       0x70
 *(.relr.*)
 .relr.dyn      0x0000000000018018       0x70 /opt/devkitpro/devkitA64/lib/gcc/aarch64-none-elf/16.1.0/pic/crti.o

.hash           0x0000000000018088       0x18
 *(.hash)
 .hash          0x0000000000018088       0x18 /opt/devkitpro/devkitA64/lib/gcc/aarch64-none-elf/16.1.0/pic/crti.o

.gnu.hash
 *(.gnu.hash)

.dynsym         0x00000000000180a0       0x48
 *(.dynsym)
 .dynsym        0x00000000000180a0       0x48 /opt/devkitpro/devkitA64/lib/gcc/aarch64-none-elf/16.1.0/pic/crti.o

.dynstr         0x00000000000180e8        0x1
 *(.dynstr)
 .dynstr        0x00000000000180e8        0x1 /opt/devkitpro/devkitA64/lib/gcc/aarch64-none-elf/16.1.0/pic/crti.o

.rodata         0x00000000000180f0      0xa10
 *(.rodata .rodata.* .gnu.linkonce.r.*)
 .rodata.str1.8
                0x00000000000180f0      0x2c5 config.o
                                         0xc3 (size before relaxing)
 *fill*         0x00000000000183b5        0xb 
 .rodata.g_hiddbgDeviceTypeInternalTable
                0x00000000000183c0       0x58 /opt/devkitpro/libnx/lib/libnx.a(hiddbg.o)
 .rodata.smInitialize.str1.8
                0x0000000000018418        0x0 /opt/devkitpro/libnx/lib/libnx.a(sm.o)
                                          0x4 (size before relaxing)
 .rodata.fsdev_fixpath.str1.8
                0x0000000000018418        0x0 /opt/devkitpro/libnx/lib/libnx.a(fs_dev.o)
                                          0x2 (size before relaxing)
 .rodata._fsdevUnmountDeviceStruct.part.0.str1.8
                0x0000000000018418        0x0 /opt/devkitpro/libnx/lib/libnx.a(fs_dev.o)
                                          0x2 (size before relaxing)
 .rodata.fsdevMountDevice.str1.8
                0x0000000000018418        0x0 /opt/devkitpro/libnx/lib/libnx.a(fs_dev.o)
                                         0x10 (size before relaxing)
 .rodata.fsdevMountSdmc.str1.8
                0x0000000000018418        0x0 /opt/devkitpro/libnx/lib/libnx.a(fs_dev.o)
                                          0x5 (size before relaxing)
 .rodata.error_table
                0x0000000000018418       0x20 /opt/devkitpro/libnx/lib/libnx.a(fs_dev.o)
 *fill*         0x0000000000018438        0x8 
 .rodata.cst16  0x0000000000018440       0x40 /opt/devkitpro/libnx/lib/libnx.a(fs_dev.o)
                                         0x20 (size before relaxing)
 .rodata.envSetup
                0x0000000000018480       0x11 /opt/devkitpro/libnx/lib/libnx.a(env.o)
 .rodata.nxlinkSetup.str1.8
                0x0000000000018491        0x0 /opt/devkitpro/libnx/lib/libnx.a(nxlink.o)
                                          0x9 (size before relaxing)
 .rodata.cst16  0x0000000000018491        0x0 /opt/devkitpro/devkitA64/lib/gcc/aarch64-none-elf/16.1.0/../../../../aarch64-none-elf/lib/pic/libg.a(libc_a-mallocr.o)
                                         0x10 (size before relaxing)
 *fill*         0x0000000000018491        0x7 
 .rodata._ctype_
                0x0000000000018498      0x101 /opt/devkitpro/devkitA64/lib/gcc/aarch64-none-elf/16.1.0/../../../../aarch64-none-elf/lib/pic/libg.a(libc_a-ctype_.o)
                0x0000000000018498                _ctype_
 *fill*         0x0000000000018599        0x3 
 .rodata.get_arg
                0x000000000001859c       0x40 /opt/devkitpro/devkitA64/lib/gcc/aarch64-none-elf/16.1.0/../../../../aarch64-none-elf/lib/pic/libg.a(libc_a-vfprintf.o)
 .rodata._vfprintf_r.str1.1
                0x00000000000185dc       0x3b /opt/devkitpro/devkitA64/lib/gcc/aarch64-none-elf/16.1.0/../../../../aarch64-none-elf/lib/pic/libg.a(libc_a-vfprintf.o)
 *fill*         0x0000000000018617        0x1 
 .rodata._vfprintf_r
                0x0000000000018618       0xb6 /opt/devkitpro/devkitA64/lib/gcc/aarch64-none-elf/16.1.0/../../../../aarch64-none-elf/lib/pic/libg.a(libc_a-vfprintf.o)
 *fill*         0x00000000000186ce        0x2 
 .rodata.zeroes.0
                0x00000000000186d0       0x10 /opt/devkitpro/devkitA64/lib/gcc/aarch64-none-elf/16.1.0/../../../../aarch64-none-elf/lib/pic/libg.a(libc_a-vfprintf.o)
 .rodata.blanks.1
                0x00000000000186e0       0x10 /opt/devkitpro/devkitA64/lib/gcc/aarch64-none-elf/16.1.0/../../../../aarch64-none-elf/lib/pic/libg.a(libc_a-vfprintf.o)
 .rodata.__action_table
                0x00000000000186f0       0x6c /opt/devkitpro/devkitA64/lib/gcc/aarch64-none-elf/16.1.0/../../../../aarch64-none-elf/lib/pic/libg.a(libc_a-svfiprintf.o)
                0x00000000000186f0                __action_table
 *fill*         0x000000000001875c        0x4 
 .rodata.__state_table
                0x0000000000018760       0x6c /opt/devkitpro/devkitA64/lib/gcc/aarch64-none-elf/16.1.0/../../../../aarch64-none-elf/lib/pic/libg.a(libc_a-svfiprintf.o)
                0x0000000000018760                __state_table
 *fill*         0x00000000000187cc        0x4 
 .rodata.__chclass
                0x00000000000187d0      0x100 /opt/devkitpro/devkitA64/lib/gcc/aarch64-none-elf/16.1.0/../../../../aarch64-none-elf/lib/pic/libg.a(libc_a-svfiprintf.o)
                0x00000000000187d0                __chclass
 .rodata.str1.8
                0x00000000000188d0        0x0 /opt/devkitpro/devkitA64/lib/gcc/aarch64-none-elf/16.1.0/../../../../aarch64-none-elf/lib/pic/libg.a(libc_a-locale.o)
                                         0x64 (size before relaxing)
 .rodata._dtoa_r.str1.8
                0x00000000000188d0        0x0 /opt/devkitpro/devkitA64/lib/gcc/aarch64-none-elf/16.1.0/../../../../aarch64-none-elf/lib/pic/libg.a(libc_a-dtoa.o)
                                         0xac (size before relaxing)
 .rodata.cst8   0x00000000000188d0       0x18 /opt/devkitpro/devkitA64/lib/gcc/aarch64-none-elf/16.1.0/../../../../aarch64-none-elf/lib/pic/libg.a(libc_a-dtoa.o)
 .rodata.__assert_func.str1.8
                0x00000000000188e8        0x0 /opt/devkitpro/devkitA64/lib/gcc/aarch64-none-elf/16.1.0/../../../../aarch64-none-elf/lib/pic/libg.a(libc_a-assert.o)
                                         0x47 (size before relaxing)
 .rodata.__multadd.str1.8
                0x00000000000188e8        0x0 /opt/devkitpro/devkitA64/lib/gcc/aarch64-none-elf/16.1.0/../../../../aarch64-none-elf/lib/pic/libg.a(libc_a-mprec.o)
                                         0x8d (size before relaxing)
 .rodata.p05.0  0x00000000000188e8        0xc /opt/devkitpro/devkitA64/lib/gcc/aarch64-none-elf/16.1.0/../../../../aarch64-none-elf/lib/pic/libg.a(libc_a-mprec.o)
 *fill*         0x00000000000188f4        0x4 
 .rodata.__mprec_bigtens
                0x00000000000188f8       0x28 /opt/devkitpro/devkitA64/lib/gcc/aarch64-none-elf/16.1.0/../../../../aarch64-none-elf/lib/pic/libg.a(libc_a-mprec.o)
                0x00000000000188f8                __mprec_bigtens
 .rodata.__mprec_tens
                0x0000000000018920       0xc8 /opt/devkitpro/devkitA64/lib/gcc/aarch64-none-elf/16.1.0/../../../../aarch64-none-elf/lib/pic/libg.a(libc_a-mprec.o)
                0x0000000000018920                __mprec_tens
 .rodata.get_arg
                0x00000000000189e8       0x40 /opt/devkitpro/devkitA64/lib/gcc/aarch64-none-elf/16.1.0/../../../../aarch64-none-elf/lib/pic/libg.a(libc_a-vfiprintf.o)
 .rodata._vfiprintf_r.str1.1
                0x0000000000018a28        0x0 /opt/devkitpro/devkitA64/lib/gcc/aarch64-none-elf/16.1.0/../../../../aarch64-none-elf/lib/pic/libg.a(libc_a-vfiprintf.o)
                                         0x29 (size before relaxing)
 .rodata._vfiprintf_r
                0x0000000000018a28       0xb6 /opt/devkitpro/devkitA64/lib/gcc/aarch64-none-elf/16.1.0/../../../../aarch64-none-elf/lib/pic/libg.a(libc_a-vfiprintf.o)
 *fill*         0x0000000000018ade        0x2 
 .rodata.zeroes.0
                0x0000000000018ae0       0x10 /opt/devkitpro/devkitA64/lib/gcc/aarch64-none-elf/16.1.0/../../../../aarch64-none-elf/lib/pic/libg.a(libc_a-vfiprintf.o)
 .rodata.blanks.1
                0x0000000000018af0       0x10 /opt/devkitpro/devkitA64/lib/gcc/aarch64-none-elf/16.1.0/../../../../aarch64-none-elf/lib/pic/libg.a(libc_a-vfiprintf.o)
 .rodata.cst16  0x0000000000018b00        0x0 /opt/devkitpro/devkitA64/lib/gcc/aarch64-none-elf/16.1.0/../../../../aarch64-none-elf/lib/pic/libsysbase.a(libsysbase_libsysbase_a-handle_manager.o)
                                         0x20 (size before relaxing)
 .rodata.str1.8
                0x0000000000018b00        0x0 /opt/devkitpro/devkitA64/lib/gcc/aarch64-none-elf/16.1.0/../../../../aarch64-none-elf/lib/pic/libsysbase.a(libsysbase_libsysbase_a-iosupport.o)
                                          0x8 (size before relaxing)
                0x0000000000018b00                . = ALIGN (0x8)

.tls.align      0x0000000000018b00        0x8
                0x0000000000018b00        0x8 QUAD 0x8 MAX (ALIGNOF (.tdata), ALIGNOF (.tbss))
                0x0000000000018b00                PROVIDE (__tls_align = ADDR (.tls.align))

.gcc_except_table
 *(.gcc_except_table .gcc_except_table.*)

.eh_frame_hdr   0x0000000000018b08        0x0
 *(.eh_frame_hdr)
 *(.eh_frame_entry .eh_frame_entry.*)

.eh_frame       0x0000000000018b08     0x3160
 *(.eh_frame)
 .eh_frame      0x0000000000018b08       0x48 /opt/devkitpro/devkitA64/lib/gcc/aarch64-none-elf/16.1.0/pic/crtbegin.o
 .eh_frame      0x0000000000018b50       0x88 config.o
                                         0x98 (size before relaxing)
 .eh_frame      0x0000000000018bd8       0x90 main.o
                                         0xa0 (size before relaxing)
 .eh_frame      0x0000000000018c68       0x28 suppress.o
                                         0x40 (size before relaxing)
 .eh_frame      0x0000000000018c90      0x470 /opt/devkitpro/libnx/lib/libnx.a(fs.o)
                                       0x1680 (size before relaxing)
 .eh_frame      0x0000000000019100      0x208 /opt/devkitpro/libnx/lib/libnx.a(hid.o)
                                       0x1a50 (size before relaxing)
 .eh_frame      0x0000000000019308      0x298 /opt/devkitpro/libnx/lib/libnx.a(hiddbg.o)
                                        0x800 (size before relaxing)
 .eh_frame      0x00000000000195a0       0xd0 /opt/devkitpro/libnx/lib/libnx.a(set.o)
                                       0x2b38 (size before relaxing)
 .eh_frame      0x0000000000019670      0x128 /opt/devkitpro/libnx/lib/libnx.a(sm.o)
                                        0x2c0 (size before relaxing)
 .eh_frame      0x0000000000019798       0x28 /opt/devkitpro/libnx/lib/libnx.a(alloc.o)
                                         0x50 (size before relaxing)
 .eh_frame      0x00000000000197c0       0x18 /opt/devkitpro/libnx/lib/libnx.a(diag.o)
                                         0x30 (size before relaxing)
 .eh_frame      0x00000000000197d8       0x28 /opt/devkitpro/libnx/lib/libnx.a(hosversion.o)
                                         0x50 (size before relaxing)
 .eh_frame      0x0000000000019800      0x658 /opt/devkitpro/libnx/lib/libnx.a(fs_dev.o)
                                        0x9a0 (size before relaxing)
 .eh_frame      0x0000000000019e58       0x18 /opt/devkitpro/libnx/lib/libnx.a(decode_utf8.o)
                                         0x28 (size before relaxing)
 .eh_frame      0x0000000000019e70      0x190 /opt/devkitpro/libnx/lib/libnx.a(svc.o)
                                        0xa00 (size before relaxing)
 .eh_frame      0x000000000001a000       0x18 /opt/devkitpro/libnx/lib/libnx.a(readtp.o)
                                         0x28 (size before relaxing)
 .eh_frame      0x000000000001a018        0x0 /opt/devkitpro/libnx/lib/libnx.a(event.o)
                                         0xc0 (size before relaxing)
 .eh_frame      0x000000000001a018       0xa8 /opt/devkitpro/libnx/lib/libnx.a(mutex.o)
                                         0xf8 (size before relaxing)
 .eh_frame      0x000000000001a0c0       0x78 /opt/devkitpro/libnx/lib/libnx.a(shmem.o)
                                         0xa0 (size before relaxing)
 .eh_frame      0x000000000001a138       0x80 /opt/devkitpro/libnx/lib/libnx.a(tmem.o)
                                        0x128 (size before relaxing)
 .eh_frame      0x000000000001a1b8      0x140 /opt/devkitpro/libnx/lib/libnx.a(virtmem.o)
                                        0x218 (size before relaxing)
 .eh_frame      0x000000000001a2f8        0x0 /opt/devkitpro/libnx/lib/libnx.a(wait.o)
                                         0xb0 (size before relaxing)
 .eh_frame      0x000000000001a2f8      0x100 /opt/devkitpro/libnx/lib/libnx.a(sessionmgr.o)
                                        0x110 (size before relaxing)
 .eh_frame      0x000000000001a3f8       0x18 /opt/devkitpro/libnx/lib/libnx.a(applet.o)
                                       0x38d8 (size before relaxing)
 .eh_frame      0x000000000001a410       0x30 /opt/devkitpro/libnx/lib/libnx.a(time.o)
                                        0x378 (size before relaxing)
 .eh_frame      0x000000000001a440       0x38 /opt/devkitpro/libnx/lib/libnx.a(argv.o)
                                         0x48 (size before relaxing)
 .eh_frame      0x000000000001a478       0x38 /opt/devkitpro/libnx/lib/libnx.a(dynamic.o)
                                         0x48 (size before relaxing)
 .eh_frame      0x000000000001a4b0       0xf8 /opt/devkitpro/libnx/lib/libnx.a(env.o)
                                        0x210 (size before relaxing)
 .eh_frame      0x000000000001a5a8       0x38 /opt/devkitpro/libnx/lib/libnx.a(init.o)
                                         0xb8 (size before relaxing)
 .eh_frame      0x000000000001a5e0       0xb8 /opt/devkitpro/libnx/lib/libnx.a(newlib.o)
                                        0x3f8 (size before relaxing)
 .eh_frame      0x000000000001a698       0x30 /opt/devkitpro/libnx/lib/libnx.a(nxlink.o)
                                         0x40 (size before relaxing)
 .eh_frame      0x000000000001a6c8       0x28 /opt/devkitpro/libnx/lib/libnx.a(exception.o)
                                         0x40 (size before relaxing)
 .eh_frame      0x000000000001a6f0       0x30 /opt/devkitpro/libnx/lib/libnx.a(condvar.o)
                                         0x40 (size before relaxing)
 .eh_frame      0x000000000001a720       0x58 /opt/devkitpro/libnx/lib/libnx.a(random.o)
                                         0x70 (size before relaxing)
 .eh_frame      0x000000000001a778       0x28 /opt/devkitpro/libnx/lib/libnx.a(thread.o)
                                        0x298 (size before relaxing)
 .eh_frame      0x000000000001a7a0        0x0 /opt/devkitpro/libnx/lib/libnx.a(apm.o)
                                        0x138 (size before relaxing)
 .eh_frame      0x000000000001a7a0       0x18 /opt/devkitpro/devkitA64/lib/gcc/aarch64-none-elf/16.1.0/../../../../aarch64-none-elf/lib/pic/libg.a(libc_a-strncat.o)
                                         0x28 (size before relaxing)
 .eh_frame      0x000000000001a7b8       0x18 /opt/devkitpro/devkitA64/lib/gcc/aarch64-none-elf/16.1.0/../../../../aarch64-none-elf/lib/pic/libg.a(libc_a-strchr.o)
                                         0x28 (size before relaxing)
 .eh_frame      0x000000000001a7d0       0x18 /opt/devkitpro/devkitA64/lib/gcc/aarch64-none-elf/16.1.0/../../../../aarch64-none-elf/lib/pic/libg.a(libc_a-strnlen.o)
                                         0x28 (size before relaxing)
 .eh_frame      0x000000000001a7e8       0x68 /opt/devkitpro/devkitA64/lib/gcc/aarch64-none-elf/16.1.0/../../../../aarch64-none-elf/lib/pic/libg.a(libc_a-bsearch.o)
                                         0x78 (size before relaxing)
 .eh_frame      0x000000000001a850       0x18 /opt/devkitpro/devkitA64/lib/gcc/aarch64-none-elf/16.1.0/../../../../aarch64-none-elf/lib/pic/libg.a(libc_a-memcpy.o)
                                         0x28 (size before relaxing)
 .eh_frame      0x000000000001a868       0x60 /opt/devkitpro/devkitA64/lib/gcc/aarch64-none-elf/16.1.0/../../../../aarch64-none-elf/lib/pic/libg.a(libc_a-fopen.o)
                                         0x78 (size before relaxing)
 .eh_frame      0x000000000001a8c8       0x28 /opt/devkitpro/devkitA64/lib/gcc/aarch64-none-elf/16.1.0/../../../../aarch64-none-elf/lib/pic/libg.a(libc_a-gmtime.o)
                                         0x38 (size before relaxing)
 .eh_frame      0x000000000001a8f0       0x18 /opt/devkitpro/devkitA64/lib/gcc/aarch64-none-elf/16.1.0/../../../../aarch64-none-elf/lib/pic/libg.a(libc_a-memset.o)
                                         0x28 (size before relaxing)
 .eh_frame      0x000000000001a908       0x38 /opt/devkitpro/devkitA64/lib/gcc/aarch64-none-elf/16.1.0/../../../../aarch64-none-elf/lib/pic/libg.a(libc_a-strtoul.o)
                                         0x98 (size before relaxing)
 .eh_frame      0x000000000001a940        0x0 /opt/devkitpro/devkitA64/lib/gcc/aarch64-none-elf/16.1.0/../../../../aarch64-none-elf/lib/pic/libg.a(libc_a-strcpy.o)
                                         0x28 (size before relaxing)
 .eh_frame      0x000000000001a940       0x70 /opt/devkitpro/devkitA64/lib/gcc/aarch64-none-elf/16.1.0/../../../../aarch64-none-elf/lib/pic/libg.a(libc_a-fgets.o)
                                         0x80 (size before relaxing)
 .eh_frame      0x000000000001a9b0        0x0 /opt/devkitpro/devkitA64/lib/gcc/aarch64-none-elf/16.1.0/../../../../aarch64-none-elf/lib/pic/libg.a(libc_a-aligned_alloc.o)
                                         0x38 (size before relaxing)
 .eh_frame      0x000000000001a9b0       0x48 /opt/devkitpro/devkitA64/lib/gcc/aarch64-none-elf/16.1.0/../../../../aarch64-none-elf/lib/pic/libg.a(libc_a-malignr.o)
                                         0x60 (size before relaxing)
 .eh_frame      0x000000000001a9f8       0x20 /opt/devkitpro/devkitA64/lib/gcc/aarch64-none-elf/16.1.0/../../../../aarch64-none-elf/lib/pic/libg.a(libc_a-errno.o)
                                         0x38 (size before relaxing)
 .eh_frame      0x000000000001aa18       0x18 /opt/devkitpro/devkitA64/lib/gcc/aarch64-none-elf/16.1.0/../../../../aarch64-none-elf/lib/pic/libg.a(libc_a-strlen.o)
                                         0x28 (size before relaxing)
 .eh_frame      0x000000000001aa30       0x18 /opt/devkitpro/devkitA64/lib/gcc/aarch64-none-elf/16.1.0/../../../../aarch64-none-elf/lib/pic/libg.a(libc_a-strncmp.o)
                                         0x28 (size before relaxing)
 .eh_frame      0x000000000001aa48       0x50 /opt/devkitpro/devkitA64/lib/gcc/aarch64-none-elf/16.1.0/../../../../aarch64-none-elf/lib/pic/libg.a(libc_a-mallocr.o)
                                         0x60 (size before relaxing)
 .eh_frame      0x000000000001aa98       0x78 /opt/devkitpro/devkitA64/lib/gcc/aarch64-none-elf/16.1.0/../../../../aarch64-none-elf/lib/pic/libg.a(libc_a-freer.o)
                                         0x90 (size before relaxing)
 .eh_frame      0x000000000001ab10       0xf0 /opt/devkitpro/devkitA64/lib/gcc/aarch64-none-elf/16.1.0/../../../../aarch64-none-elf/lib/pic/libg.a(libc_a-findfp.o)
                                        0x188 (size before relaxing)
 .eh_frame      0x000000000001ac00       0x28 /opt/devkitpro/devkitA64/lib/gcc/aarch64-none-elf/16.1.0/../../../../aarch64-none-elf/lib/pic/libg.a(libc_a-init.o)
                                         0x40 (size before relaxing)
 .eh_frame      0x000000000001ac28       0x18 /opt/devkitpro/devkitA64/lib/gcc/aarch64-none-elf/16.1.0/../../../../aarch64-none-elf/lib/pic/libg.a(libc_a-strncpy.o)
                                         0x28 (size before relaxing)
 .eh_frame      0x000000000001ac40       0x18 /opt/devkitpro/devkitA64/lib/gcc/aarch64-none-elf/16.1.0/../../../../aarch64-none-elf/lib/pic/libg.a(libc_a-fseek.o)
                                         0x50 (size before relaxing)
 .eh_frame      0x000000000001ac58       0x48 /opt/devkitpro/devkitA64/lib/gcc/aarch64-none-elf/16.1.0/../../../../aarch64-none-elf/lib/pic/libg.a(libc_a-malloc.o)
                                         0x60 (size before relaxing)